 MyApp

 Timestamp is 4a253a29 (Tue Jun 02 23:41:45 2009)

 Preferred load address is 00400000

 Start         Length     Name                   Class
 0001:00000000 00010f0cH .text                   CODE
 0001:00010f0c 000005d2H .text$AFX_AUX           CODE
 0001:000114de 0000030fH .text$AFX_COL1          CODE
 0001:000117ed 000002cdH .text$AFX_COL2          CODE
 0001:00011aba 00008b93H .text$AFX_CORE1         CODE
 0001:0001a64d 00002273H .text$AFX_CORE2         CODE
 0001:0001c8c0 00000e72H .text$AFX_CORE3         CODE
 0001:0001d732 0000231bH .text$AFX_CORE4         CODE
 0001:0001fa4d 0000229aH .text$AFX_INIT          CODE
 0001:00021ce7 0000015eH .text$AFX_TERM          CODE
 0001:00021e50 00000a0eH .text$x                 CODE
 0002:00000000 0000065cH .idata$5                DATA
 0002:00000660 00003568H .rdata                  DATA
 0002:00003bc8 00000d14H .rdata$r                DATA
 0002:000048e0 00001698H .xdata$x                DATA
 0002:00005f78 000000a0H .idata$2                DATA
 0002:00006018 00000014H .idata$3                DATA
 0002:0000602c 0000065cH .idata$4                DATA
 0002:00006688 00001ae8H .idata$6                DATA
 0002:00008170 00000000H .edata                  DATA
 0003:00000000 00000004H .CRT$XCA                DATA
 0003:00000004 00000028H .CRT$XCC                DATA
 0003:0000002c 00000010H .CRT$XCL                DATA
 0003:0000003c 00000038H .CRT$XCU                DATA
 0003:00000074 00000004H .CRT$XCZ                DATA
 0003:00000078 00000004H .CRT$XIA                DATA
 0003:0000007c 00000008H .CRT$XIC                DATA
 0003:00000084 00000004H .CRT$XIY                DATA
 0003:00000088 00000004H .CRT$XIZ                DATA
 0003:0000008c 00000004H .CRT$XPA                DATA
 0003:00000090 00000004H .CRT$XPZ                DATA
 0003:00000094 00000004H .CRT$XTA                DATA
 0003:00000098 00000004H .CRT$XTB                DATA
 0003:0000009c 00000004H .CRT$XTZ                DATA
 0003:000000a0 00003a51H .data                   DATA
 0003:00003af8 00003330H .bss                    DATA
 0004:00000000 000005b0H .rsrc$01                DATA
 0004:000005b0 00002670H .rsrc$02                DATA

  Address         Publics by Value              Rva+Base     Lib:Object

 0001:00000000       ?GetMessageMap@CMyAppApp@@MBEPBUAFX_MSGMAP@@XZ 00401000 f   MyApp.obj
 0001:00000010       ??0CMyAppApp@@QAE@XZ       00401010 f   MyApp.obj
 0001:00000070       ?InitInstance@CMyAppApp@@UAEHXZ 00401070 f   MyApp.obj
 0001:000000f0       ??_ECMyAppApp@@UAEPAXI@Z   004010f0 f i MyApp.obj
 0001:000000f0       ??_GCMyAppApp@@UAEPAXI@Z   004010f0 f i MyApp.obj
 0001:00000120       ??1CMyAppApp@@UAE@XZ       00401120 f i MyApp.obj
 0001:00000140       ??1CMyAppDlg@@UAE@XZ       00401140 f i MyApp.obj
 0001:00000160       ?Serialize@CObject@@UAEXAAVCArchive@@@Z 00401160 f i MyApp.obj
 0001:00000170       ??3CObject@@SGXPAX@Z       00401170 f i MyApp.obj
 0001:00000190       ??0CAboutDlg@@QAE@XZ       00401190 f   MyAppDlg.obj
 0001:000001b3       ?DoDataExchange@CAboutDlg@@MAEXPAVCDataExchange@@@Z 004011b3 f   MyAppDlg.obj
 0001:000001cc       ?GetMessageMap@CAboutDlg@@MBEPBUAFX_MSGMAP@@XZ 004011cc f   MyAppDlg.obj
 0001:000001dc       ??0CMyAppDlg@@QAE@PAVCWnd@@@Z 004011dc f   MyAppDlg.obj
 0001:00000247       ?DoDataExchange@CMyAppDlg@@MAEXPAVCDataExchange@@@Z 00401247 f   MyAppDlg.obj
 0001:00000260       ?GetMessageMap@CMyAppDlg@@MBEPBUAFX_MSGMAP@@XZ 00401260 f   MyAppDlg.obj
 0001:00000270       ?OnInitDialog@CMyAppDlg@@MAEHXZ 00401270 f   MyAppDlg.obj
 0001:00000338       ?OnSysCommand@CMyAppDlg@@IAEXIJ@Z 00401338 f   MyAppDlg.obj
 0001:000003ab       ?OnPaint@CMyAppDlg@@IAEXXZ 004013ab f   MyAppDlg.obj
 0001:000004aa       ?OnQueryDragIcon@CMyAppDlg@@IAEPAUHICON__@@XZ 004014aa f   MyAppDlg.obj
 0001:000004bb       ?DisplayError@CMyAppDlg@@QAEXPADK@Z 004014bb f   MyAppDlg.obj
 0001:000004fd       ?RegisterDriver@@YAKPAD0@Z 004014fd f   MyAppDlg.obj
 0001:000005a9       ?GetModulePath@@YAKPAD@Z   004015a9 f   MyAppDlg.obj
 0001:00000607       ?OnButtonStart@CMyAppDlg@@IAEXXZ 00401607 f   MyAppDlg.obj
 0001:000006ee       ?OnButtonStop@CMyAppDlg@@IAEXXZ 004016ee f   MyAppDlg.obj
 0001:00000763       ?OnOK@CMyAppDlg@@MAEXXZ    00401763 f   MyAppDlg.obj
 0001:00000790       ?OnCancel@CMyAppDlg@@MAEXXZ 00401790 f   MyAppDlg.obj
 0001:000007bd       ?ControlDriver@CMyAppDlg@@QAEKKPAXK0K@Z 004017bd f   MyAppDlg.obj
 0001:0000085b       ?Result@CMyAppDlg@@QAEXK@Z 0040185b f   MyAppDlg.obj
 0001:00000890       ?OnButtonMutex1@CMyAppDlg@@IAEXXZ 00401890 f   MyAppDlg.obj
 0001:000008c1       ?OnButtonMutex2@CMyAppDlg@@IAEXXZ 004018c1 f   MyAppDlg.obj
 0001:000008f2       ?OnButtonEvent1@CMyAppDlg@@IAEXXZ 004018f2 f   MyAppDlg.obj
 0001:00000923       ?OnButtonEvent2@CMyAppDlg@@IAEXXZ 00401923 f   MyAppDlg.obj
 0001:00000954       ?OnButtonIoverify@CMyAppDlg@@IAEXXZ 00401954 f   MyAppDlg.obj
 0001:00000985       ?OnButtonEres1@CMyAppDlg@@IAEXXZ 00401985 f   MyAppDlg.obj
 0001:000009b6       ?OnButtonEres2@CMyAppDlg@@IAEXXZ 004019b6 f   MyAppDlg.obj
 0001:000009e7       ?OnButtonBugcheck0xa@CMyAppDlg@@IAEXXZ 004019e7 f   MyAppDlg.obj
 0001:00000a18       ?OnButtonBugcheck0x50@CMyAppDlg@@IAEXXZ 00401a18 f   MyAppDlg.obj
 0001:00000a49       ?OnButtonBugcheck0xbe@CMyAppDlg@@IAEXXZ 00401a49 f   MyAppDlg.obj
 0001:00000a7a       ?OnButtonBugcheck0xd6@CMyAppDlg@@IAEXXZ 00401a7a f   MyAppDlg.obj
 0001:00000aab       ?OnButtonBugcheck0xc4@CMyAppDlg@@IAEXXZ 00401aab f   MyAppDlg.obj
 0001:00000adc       ?OnButtonBugcheck0x8e@CMyAppDlg@@IAEXXZ 00401adc f   MyAppDlg.obj
 0001:00000b0d       ?OnButtonBugcheck0x7f@CMyAppDlg@@IAEXXZ 00401b0d f   MyAppDlg.obj
 0001:00000b3e       ?OnBreakPoint@CMyAppDlg@@IAEXXZ 00401b3e f   MyAppDlg.obj
 0001:00000b6f       ?MyStrCpy@CMyAppDlg@@QAEXPAD0@Z 00401b6f f   MyAppDlg.obj
 0001:00000bc2       ?OnButtonUserCrash@CMyAppDlg@@IAEXXZ 00401bc2 f   MyAppDlg.obj
 0001:00000c0c       ?OnButtonHang@CMyAppDlg@@IAEXXZ 00401c0c f   MyAppDlg.obj
 0001:00000c50       ?OnButtonKernelhang@CMyAppDlg@@IAEXXZ 00401c50 f   MyAppDlg.obj
 0001:00000c90       ??_ECAboutDlg@@UAEPAXI@Z   00401c90 f i MyAppDlg.obj
 0001:00000c90       ??_GCAboutDlg@@UAEPAXI@Z   00401c90 f i MyAppDlg.obj
 0001:00000cc0       ??1CAboutDlg@@UAE@XZ       00401cc0 f i MyAppDlg.obj
 0001:00000ce0       ??_ECMyAppDlg@@UAEPAXI@Z   00401ce0 f i MyAppDlg.obj
 0001:00000ce0       ??_GCMyAppDlg@@UAEPAXI@Z   00401ce0 f i MyAppDlg.obj
 0001:00000d10       ??0CString@@QAE@XZ         00401d10 f i MyAppDlg.obj
 0001:00000d30       ?IsEmpty@CString@@QBEHXZ   00401d30 f i MyAppDlg.obj
 0001:00000d50       ?GetData@CString@@IBEPAUCStringData@@XZ 00401d50 f i MyAppDlg.obj
 0001:00000d70       ??BCString@@QBEPBDXZ       00401d70 f i MyAppDlg.obj
 0001:00000d80       ?AfxGetApp@@YGPAVCWinApp@@XZ 00401d80 f i MyAppDlg.obj
 0001:00000d90       ?AfxGetInstanceHandle@@YGPAUHINSTANCE__@@XZ 00401d90 f i MyAppDlg.obj
 0001:00000da0       ??0CRect@@QAE@XZ           00401da0 f i MyAppDlg.obj
 0001:00000db0       ?Width@CRect@@QBEHXZ       00401db0 f i MyAppDlg.obj
 0001:00000dd0       ?Height@CRect@@QBEHXZ      00401dd0 f i MyAppDlg.obj
 0001:00000df0       ?GetSafeHdc@CDC@@QBEPAUHDC__@@XZ 00401df0 f i MyAppDlg.obj
 0001:00000e20       ?DrawIcon@CDC@@QAEHHHPAUHICON__@@@Z 00401e20 f i MyAppDlg.obj
 0001:00000e50       ?AppendMenuA@CMenu@@QAEHIIPBD@Z 00401e50 f i MyAppDlg.obj
 0001:00000e80       ?SendMessageA@CWnd@@QAEJIIJ@Z 00401e80 f i MyAppDlg.obj
 0001:00000eb0       ?GetSystemMenu@CWnd@@QBEPAVCMenu@@H@Z 00401eb0 f i MyAppDlg.obj
 0001:00000ee0       ?IsIconic@CWnd@@QBEHXZ     00401ee0 f i MyAppDlg.obj
 0001:00000f00       ?GetClientRect@CWnd@@QBEXPAUtagRECT@@@Z 00401f00 f i MyAppDlg.obj
 0001:00000f20       ?SetIcon@CWnd@@QAEPAUHICON__@@PAU2@H@Z 00401f20 f i MyAppDlg.obj
 0001:00000f50       ?OnPaint@CWnd@@IAEXXZ      00401f50 f i MyAppDlg.obj
 0001:00000f70       ?OnSysCommand@CWnd@@IAEXIJ@Z 00401f70 f i MyAppDlg.obj
 0001:00000f90       ?DoDataExchange@CWnd@@MAEXPAVCDataExchange@@@Z 00401f90 f i MyAppDlg.obj
 0001:00000fa0       ?BeginModalState@CWnd@@UAEXXZ 00401fa0 f i MyAppDlg.obj
 0001:00000fc0       ?EndModalState@CWnd@@UAEXXZ 00401fc0 f i MyAppDlg.obj
 0001:00000fe0       ?LoadIconA@CWinApp@@QBEPAUHICON__@@I@Z 00401fe0 f i MyAppDlg.obj
 0001:00001010       ?AfxGetResourceHandle@@YGPAUHINSTANCE__@@XZ 00402010 f i MyAppDlg.obj
 0001:00001020       ?RegisterLegacyDriver@@YAKPAD0KK@Z 00402020 f   SCM.obj
 0001:000010bc       ?DeregisterLegacyDriver@@YAKPAD@Z 004020bc f   SCM.obj
 0001:00001153       ?StartLegacyDriver@@YAKPAD@Z 00402153 f   SCM.obj
 0001:000011eb       ?StopLegacyDriver@@YAKPAD@Z 004021eb f   SCM.obj
 0001:00001285       ?AfxGetMainWnd@@YGPAVCWnd@@XZ 00402285 f i nafxcw:apphelpx.obj
 0001:00001299       ??1CNoTrackObject@@UAE@XZ  00402299 f i nafxcw:appcore.obj
 0001:0000129a       ??1CObject@@UAE@XZ         0040229a f i nafxcw:appcore.obj
 0001:0000129b       ??_9@$BME@AE               0040229b f i nafxcw:dlgcore.obj
 0001:000012a3       ??_9@$BMI@AE               004022a3 f i nafxcw:dlgcore.obj
 0001:000012ab       _InitMultipleMonitorStubs  004022ab f   nafxcw:wincore.obj
 0001:00001383       _xGetSystemMetrics@4       00402383 f   nafxcw:wincore.obj
 0001:000013d1       _xMonitorFromPoint@12      004023d1 f   nafxcw:wincore.obj
 0001:00001427       _xMonitorFromRect@8        00402427 f   nafxcw:wincore.obj
 0001:0000147d       _xMonitorFromWindow@8      0040247d f   nafxcw:wincore.obj
 0001:000014e8       _xGetMonitorInfo@8         004024e8 f   nafxcw:wincore.obj
 0001:0000157b       _xEnumDisplayMonitors@16   0040257b f   nafxcw:wincore.obj
 0001:0000166c       ?GetOwner@CWnd@@QBEPAV1@XZ 0040266c f i nafxcw:wincore.obj
 0001:00001683       ??1CWaitCursor@@QAE@XZ     00402683 f i nafxcw:wincore.obj
 0001:00001690       ??0CResourceException@@QAE@HI@Z 00402690 f i nafxcw:wingdi.obj
 0001:000016ba       ??_GCResourceException@@UAEPAXI@Z 004026ba f i nafxcw:wingdi.obj
 0001:000016ba       ??_ECResourceException@@UAEPAXI@Z 004026ba f i nafxcw:wingdi.obj
 0001:000016d6       ??1CResourceException@@UAE@XZ 004026d6 f i nafxcw:wingdi.obj
 0001:000016dd       ??0CUserException@@QAE@HI@Z 004026dd f i nafxcw:wingdi.obj
 0001:00001707       ??_ECUserException@@UAEPAXI@Z 00402707 f i nafxcw:wingdi.obj
 0001:00001707       ??_GCUserException@@UAEPAXI@Z 00402707 f i nafxcw:wingdi.obj
 0001:00001723       ??1CUserException@@UAE@XZ  00402723 f i nafxcw:wingdi.obj
 0001:0000172a       ??_ECGdiObject@@UAEPAXI@Z  0040272a f i nafxcw:wingdi.obj
 0001:0000172a       ??_GCGdiObject@@UAEPAXI@Z  0040272a f i nafxcw:wingdi.obj
 0001:00001746       ??1CGdiObject@@UAE@XZ      00402746 f i nafxcw:wingdi.obj
 0001:0000176f       ??_GCPen@@UAEPAXI@Z        0040276f f i nafxcw:wingdi.obj
 0001:0000176f       ??_ECPen@@UAEPAXI@Z        0040276f f i nafxcw:wingdi.obj
 0001:0000178b       ??1CPen@@UAE@XZ            0040278b f i nafxcw:wingdi.obj
 0001:000017b4       ??_GCBrush@@UAEPAXI@Z      004027b4 f i nafxcw:wingdi.obj
 0001:000017b4       ??_ECBrush@@UAEPAXI@Z      004027b4 f i nafxcw:wingdi.obj
 0001:000017d0       ??1CBrush@@UAE@XZ          004027d0 f i nafxcw:wingdi.obj
 0001:000017f9       ?PtVisible@CDC@@UBEHHH@Z   004027f9 f i nafxcw:wingdi.obj
 0001:0000180d       ?RectVisible@CDC@@UBEHPBUtagRECT@@@Z 0040280d f i nafxcw:wingdi.obj
 0001:0000181d       ?TextOutA@CDC@@UAEHHHPBDH@Z 0040281d f i nafxcw:wingdi.obj
 0001:00001839       ?ExtTextOutA@CDC@@UAEHHHIPBUtagRECT@@PBDIPAH@Z 00402839 f i nafxcw:wingdi.obj
 0001:0000185e       ?TabbedTextOutA@CDC@@UAE?AVCSize@@HHPBDHHPAHH@Z 0040285e f i nafxcw:wingdi.obj
 0001:00001896       ?DrawTextA@CDC@@UAEHPBDHPAUtagRECT@@I@Z 00402896 f i nafxcw:wingdi.obj
 0001:000018b2       ?GrayStringA@CDC@@UAEHPAVCBrush@@P6GHPAUHDC__@@JH@ZJHHHHH@Z 004028b2 f i nafxcw:wingdi.obj
 0001:000018e2       ?Escape@CDC@@UAEHHHPBDPAX@Z 004028e2 f i nafxcw:wingdi.obj
 0001:000018fe       ??_ECMenu@@UAEPAXI@Z       004028fe f i nafxcw:winmenu.obj
 0001:000018fe       ??_GCMenu@@UAEPAXI@Z       004028fe f i nafxcw:winmenu.obj
 0001:0000191a       ??1CMenu@@UAE@XZ           0040291a f i nafxcw:winmenu.obj
 0001:00001943       ?GetMenuStringA@CMenu@@QBEHIAAVCString@@I@Z 00402943 f i nafxcw:filelist.obj
 0001:000019a0       ??0CMemoryException@@QAE@HI@Z 004029a0 f i nafxcw:except.obj
 0001:000019ca       ??_ECMemoryException@@UAEPAXI@Z 004029ca f i nafxcw:except.obj
 0001:000019ca       ??_GCMemoryException@@UAEPAXI@Z 004029ca f i nafxcw:except.obj
 0001:000019e6       ??1CMemoryException@@UAE@XZ 004029e6 f i nafxcw:except.obj
 0001:000019ed       ??0CNotSupportedException@@QAE@HI@Z 004029ed f i nafxcw:except.obj
 0001:00001a17       ??_ECNotSupportedException@@UAEPAXI@Z 00402a17 f i nafxcw:except.obj
 0001:00001a17       ??_GCNotSupportedException@@UAEPAXI@Z 00402a17 f i nafxcw:except.obj
 0001:00001a33       ??1CNotSupportedException@@UAE@XZ 00402a33 f i nafxcw:except.obj
 0001:00001a3a       ??_ECHandleMap@@UAEPAXI@Z  00402a3a f i nafxcw:winhand.obj
 0001:00001a3a       ??_GCHandleMap@@UAEPAXI@Z  00402a3a f i nafxcw:winhand.obj
 0001:00001a56       ??1CHandleMap@@UAE@XZ      00402a56 f i nafxcw:winhand.obj
 0001:00001a9e       ??0CFixedAlloc@@QAE@II@Z   00402a9e f   nafxcw:fixalloc.obj
 0001:00001ac6       ??1CFixedAlloc@@QAE@XZ     00402ac6 f   nafxcw:fixalloc.obj
 0001:00001ada       ?FreeAll@CFixedAlloc@@QAEXXZ 00402ada f   nafxcw:fixalloc.obj
 0001:00001b02       ?Alloc@CFixedAlloc@@QAEPAXXZ 00402b02 f   nafxcw:fixalloc.obj
 0001:00001b91       ?Free@CFixedAlloc@@QAEXPAX@Z 00402b91 f   nafxcw:fixalloc.obj
 0001:00001bbd       ??1CPushRoutingFrame@@QAE@XZ 00402bbd f i nafxcw:winfrm.obj
 0001:00001bc9       ??1CException@@UAE@XZ      00402bc9 f i nafxcw:filecore.obj
 0001:00001bca       ??_ECFileException@@UAEPAXI@Z 00402bca f i nafxcw:filecore.obj
 0001:00001bca       ??_GCFileException@@UAEPAXI@Z 00402bca f i nafxcw:filecore.obj
 0001:00001be6       ??1CFileException@@UAE@XZ  00402be6 f i nafxcw:filecore.obj
 0001:00001c12       ?SetFilePath@CFile@@UAEXPBD@Z 00402c12 f i nafxcw:filecore.obj
 0001:00001c21       ??6CArchive@@QAEAAV0@K@Z   00402c21 f i nafxcw:timecore.obj
 0001:00001c47       ??5CArchive@@QAEAAV0@AAK@Z 00402c47 f i nafxcw:timecore.obj
 0001:00001c79       ??6CArchive@@QAEAAV0@E@Z   00402c79 f i nafxcw:arccore.obj
 0001:00001c9c       ??6CArchive@@QAEAAV0@G@Z   00402c9c f i nafxcw:arccore.obj
 0001:00001cc3       ??5CArchive@@QAEAAV0@AAE@Z 00402cc3 f i nafxcw:arccore.obj
 0001:00001cf2       ??5CArchive@@QAEAAV0@AAG@Z 00402cf2 f i nafxcw:arccore.obj
 0001:00001d25       ??_ECArchiveException@@UAEPAXI@Z 00402d25 f i nafxcw:arcex.obj
 0001:00001d25       ??_GCArchiveException@@UAEPAXI@Z 00402d25 f i nafxcw:arcex.obj
 0001:00001d41       ??1CArchiveException@@UAE@XZ 00402d41 f i nafxcw:arcex.obj
 0001:00001d6d       __onexit                   00402d6d f   libcmt:onexit.obj
 0001:00001deb       _atexit                    00402deb f   libcmt:onexit.obj
 0001:00001dfd       ___onexitinit              00402dfd f   libcmt:onexit.obj
 0001:00001e2c       ?_JumpToContinuation@@YGXPAXPAUEHRegistrationNode@@@Z 00402e2c f   libcmt:trnsctrl.obj
 0001:00001e60       ?_CallMemberFunction0@@YGXPAX0@Z 00402e60 f   libcmt:trnsctrl.obj
 0001:00001e67       ?_CallMemberFunction1@@YGXPAX00@Z 00402e67 f   libcmt:trnsctrl.obj
 0001:00001e6e       ?_CallMemberFunction2@@YGXPAX00H@Z 00402e6e f   libcmt:trnsctrl.obj
 0001:00001e75       ?_UnwindNestedFrames@@YGXPAUEHRegistrationNode@@PAUEHExceptionRecord@@@Z 00402e75 f   libcmt:trnsctrl.obj
 0001:00001ec4       ___CxxFrameHandler         00402ec4 f   libcmt:trnsctrl.obj
 0001:00001efa       ___CxxLongjmpUnwind@4      00402efa f   libcmt:trnsctrl.obj
 0001:00001f14       ?_CallCatchBlock2@@YAPAXPAUEHRegistrationNode@@PBU_s_FuncInfo@@PAXHK@Z 00402f14 f   libcmt:trnsctrl.obj
 0001:00001f8d       ?_CallSETranslator@@YAHPAUEHExceptionRecord@@PAUEHRegistrationNode@@PAX2PBU_s_FuncInfo@@H1@Z 00402f8d f   libcmt:trnsctrl.obj
 0001:000020b8       ?_GetRangeOfTrysToCheck@@YAPBU_s_TryBlockMapEntry@@PBU_s_FuncInfo@@HHPAI1@Z 004030b8 f   libcmt:trnsctrl.obj
 0001:00002134       __global_unwind2           00403134 f   libcmt:exsup.obj
 0001:00002176       __local_unwind2            00403176 f   libcmt:exsup.obj
 0001:000021ce       __NLG_Return2              004031ce f   libcmt:exsup.obj
 0001:000021de       __abnormal_termination     004031de f   libcmt:exsup.obj
 0001:00002201       __NLG_Notify1              00403201 f   libcmt:exsup.obj
 0001:0000220a       __NLG_Notify               0040320a f   libcmt:exsup.obj
 0001:0000221d       __NLG_Dispatch             0040321d f   libcmt:exsup.obj
 0001:00002230       _strrchr                   00403230 f   libcmt:strrchr.obj
 0001:00002260       _strlen                    00403260 f   libcmt:strlen.obj
 0001:000022db       _WinMainCRTStartup         004032db f   libcmt:wincrt0.obj
 0001:000023e3       __amsg_exit                004033e3 f   libcmt:wincrt0.obj
 0001:0000242c       ??1type_info@@UAE@XZ       0040342c f   libcmt:typinfo.obj
 0001:00002455       ??_Etype_info@@UAEPAXI@Z   00403455 f i libcmt:typinfo.obj
 0001:00002455       ??_Gtype_info@@UAEPAXI@Z   00403455 f i libcmt:typinfo.obj
 0001:00002471       ??8type_info@@QBEHABV0@@Z  00403471 f   libcmt:typinfo.obj
 0001:0000248c       ??9type_info@@QBEHABV0@@Z  0040348c f   libcmt:typinfo.obj
 0001:000024a8       ?before@type_info@@QBEHABV1@@Z 004034a8 f   libcmt:typinfo.obj
 0001:000024c7       ?raw_name@type_info@@QBEPBDXZ 004034c7 f   libcmt:typinfo.obj
 0001:000024cb       ??0type_info@@AAE@ABV0@@Z  004034cb f   libcmt:typinfo.obj
 0001:000024d6       ??4type_info@@AAEAAV0@ABV0@@Z 004034d6 f   libcmt:typinfo.obj
 0001:000024dc       __EH_prolog                004034dc f   libcmt:ehprolog.obj
 0001:000024fb       __strdup                   004034fb f   libcmt:strdup.obj
 0001:00002526       __cinit                    00403526 f   libcmt:crt0dat.obj
 0001:00002553       _exit                      00403553 f   libcmt:crt0dat.obj
 0001:00002564       __exit                     00403564 f   libcmt:crt0dat.obj
 0001:00002575       __cexit                    00403575 f   libcmt:crt0dat.obj
 0001:00002584       __c_exit                   00403584 f   libcmt:crt0dat.obj
 0001:00002638       __lockexit                 00403638 f   libcmt:crt0dat.obj
 0001:00002641       __unlockexit               00403641 f   libcmt:crt0dat.obj
 0001:00002664       _free                      00403664 f   libcmt:free.obj
 0001:0000274d       __beginthreadex            0040374d f   libcmt:threadex.obj
 0001:0000287e       __endthreadex              0040387e f   libcmt:threadex.obj
 0001:000028b0       _memset                    004038b0 f   libcmt:memset.obj
 0001:00002910       _memcmp                    00403910 f   libcmt:memcmp.obj
 0001:000029bc       __mbscmp                   004039bc f   libcmt:mbscmp.obj
 0001:00002a6b       _malloc                    00403a6b f   libcmt:malloc.obj
 0001:00002a7d       __nh_malloc                00403a7d f   libcmt:malloc.obj
 0001:00002aa9       __heap_alloc               00403aa9 f   libcmt:malloc.obj
 0001:00002ba5       __CxxThrowException@8      00403ba5 f   libcmt:throw.obj
 0001:00002be0       _memcpy                    00403be0 f   libcmt:memcpy.obj
 0001:00002f15       _wcslen                    00403f15 f   libcmt:wcslen.obj
 0001:00002f32       __mbschr                   00403f32 f   libcmt:mbschr.obj
 0001:00002fc9       __mbspbrk                  00403fc9 f   libcmt:mbspbrk.obj
 0001:0000305e       __mbsupr                   0040405e f   libcmt:mbsupr.obj
 0001:000030e8       __mbslwr                   004040e8 f   libcmt:mbslwr.obj
 0001:00003172       __mbsrev                   00404172 f   libcmt:mbsrev.obj
 0001:000031dc       _abs                       004041dc f   libcmt:abs.obj
 0001:000031e7       _atol                      004041e7 f   libcmt:atox.obj
 0001:00003272       _atoi                      00404272 f   libcmt:atox.obj
 0001:0000327d       __atoi64                   0040427d f   libcmt:atox.obj
 0001:00003337       __expand                   00404337 f   libcmt:expand.obj
 0001:0000349b       __msize                    0040449b f   libcmt:msize.obj
 0001:00003590       __alloca_probe             00404590 f   libcmt:chkstk.obj
 0001:00003590       __chkstk                   00404590 f   libcmt:chkstk.obj
 0001:000035bf       __mbsinc                   004045bf f   libcmt:mbsinc.obj
 0001:000035d6       ??_L@YGXPAXIHP6EX0@Z1@Z    004045d6 f   libcmt:ehvecctr.obj
 0001:00003658       ??_M@YGXPAXIHP6EX0@Z@Z     00404658 f   libcmt:ehvecdtr.obj
 0001:000036d8       ?__ArrayUnwind@@YGXPAXIHP6EX0@Z@Z 004046d8 f   libcmt:ehvecdtr.obj
 0001:0000374c       __setmbcp                  0040474c f   libcmt:mbctype.obj
 0001:00003b24       __getmbcp                  00404b24 f   libcmt:mbctype.obj
 0001:00003b34       ___initmbctable            00404b34 f   libcmt:mbctype.obj
 0001:00003b50       _memmove                   00404b50 f   libcmt:memmove.obj
 0001:00003e85       __mbsrchr                  00404e85 f   libcmt:mbsrchr.obj
 0001:00003ef7       __dosmaperr                00404ef7 f   libcmt:dosmap.obj
 0001:00003f6a       __errno                    00404f6a f   libcmt:dosmap.obj
 0001:00003f73       ___doserrno                00404f73 f   libcmt:dosmap.obj
 0001:00003f7c       _mktime                    00404f7c f   libcmt:mktime.obj
 0001:00003f8a       __mkgmtime                 00404f8a f   libcmt:mktime.obj
 0001:0000417c       _time                      0040517c f   libcmt:time.obj
 0001:00004258       _gmtime                    00405258 f   libcmt:gmtime.obj
 0001:00004362       _localtime                 00405362 f   libcmt:localtim.obj
 0001:000044c2       __Getdays                  004054c2 f   libcmt:strftime.obj
 0001:00004551       __Getmonths                00405551 f   libcmt:strftime.obj
 0001:000045e6       __Gettnames                004055e6 f   libcmt:strftime.obj
 0001:00004818       _strftime                  00405818 f   libcmt:strftime.obj
 0001:00004833       __Strftime                 00405833 f   libcmt:strftime.obj
 0001:00005109       _realloc                   00406109 f   libcmt:realloc.obj
 0001:00005438       ___InternalCxxFrameHandler 00406438 f   libcmt:frame.obj
 0001:0000578d       ___FrameUnwindToState      0040678d f   libcmt:frame.obj
 0001:00005bc5       ?_DestructExceptionObject@@YAXPAUEHExceptionRecord@@E@Z 00406bc5 f   libcmt:frame.obj
 0001:00005c50       __CallSettingFrame@12      00406c50 f   libcmt:lowhelpr.obj
 0001:00005c77       __NLG_Return               00406c77 f   libcmt:lowhelpr.obj
 0001:00005c9c       __mtinit                   00406c9c f   libcmt:tidtable.obj
 0001:00005cf0       __mtterm                   00406cf0 f   libcmt:tidtable.obj
 0001:00005d0e       __initptd                  00406d0e f   libcmt:tidtable.obj
 0001:00005d21       __getptd                   00406d21 f   libcmt:tidtable.obj
 0001:00005d88       __freeptd                  00406d88 f   libcmt:tidtable.obj
 0001:00005e28       ___threadid                00406e28 f   libcmt:tidtable.obj
 0001:00005e2e       ___threadhandle            00406e2e f   libcmt:tidtable.obj
 0001:00005e34       ?terminate@@YAXXZ          00406e34 f   libcmt:hooks.obj
 0001:00005e95       ?unexpected@@YAXXZ         00406e95 f   libcmt:hooks.obj
 0001:00005ead       ?_inconsistency@@YAXXZ     00406ead f   libcmt:hooks.obj
 0001:00005f03       __XcptFilter               00406f03 f   libcmt:winxfltr.obj
 0001:0000607b       __wincmdln                 0040707b f   libcmt:wincmdln.obj
 0001:000060d3       __setenvp                  004070d3 f   libcmt:stdenvp.obj
 0001:0000618c       __setargv                  0040718c f   libcmt:stdargv.obj
 0001:000063d9       ___crtGetEnvironmentStringsA 004073d9 f   libcmt:a_env.obj
 0001:0000650b       __ioinit                   0040750b f   libcmt:ioinit.obj
 0001:000066c7       __ioterm                   004076c7 f   libcmt:ioinit.obj
 0001:0000671b       __GetLinkerVersion         0040771b f   libcmt:heapinit.obj
 0001:00006748       ___heap_select             00407748 f   libcmt:heapinit.obj
 0001:00006890       __heap_init                00407890 f   libcmt:heapinit.obj
 0001:000068ed       __heap_term                004078ed f   libcmt:heapinit.obj
 0001:000069a0       __except_handler3          004079a0 f   libcmt:exsup3.obj
 0001:00006a5d       __seh_longjmp_unwind@4     00407a5d f   libcmt:exsup3.obj
 0001:00006a78       __FF_MSGBANNER             00407a78 f   libcmt:crt0msg.obj
 0001:00006ab1       __NMSG_WRITE               00407ab1 f   libcmt:crt0msg.obj
 0001:00006c04       __GET_RTERRMSG             00407c04 f   libcmt:crt0msg.obj
 0001:00006c35       __mtinitlocks              00407c35 f   libcmt:mlock.obj
 0001:00006c5e       __mtdeletelocks            00407c5e f   libcmt:mlock.obj
 0001:00006cca       __lock                     00407cca f   libcmt:mlock.obj
 0001:00006d2b       __unlock                   00407d2b f   libcmt:mlock.obj
 0001:00006d40       __lockerr_exit             00407d40 f   libcmt:mlock.obj
 0001:00006d60       _strcmp                    00407d60 f   libcmt:strcmp.obj
 0001:00006df0       _strcpy                    00407df0 f   libcmt:strcat.obj
 0001:00006e00       _strcat                    00407e00 f   libcmt:strcat.obj
 0001:00006ee0       __get_sbh_threshold        00407ee0 f   libcmt:sbheap.obj
 0001:00006eff       __set_sbh_threshold        00407eff f   libcmt:sbheap.obj
 0001:00006fb2       ___sbh_heap_init           00407fb2 f   libcmt:sbheap.obj
 0001:00006ffa       ___sbh_find_block          00407ffa f   libcmt:sbheap.obj
 0001:00007025       ___sbh_free_block          00408025 f   libcmt:sbheap.obj
 0001:0000734e       ___sbh_alloc_block         0040834e f   libcmt:sbheap.obj
 0001:00007657       ___sbh_alloc_new_region    00408657 f   libcmt:sbheap.obj
 0001:00007708       ___sbh_alloc_new_group     00408708 f   libcmt:sbheap.obj
 0001:00007803       ___sbh_resize_block        00408803 f   libcmt:sbheap.obj
 0001:00007af9       ___sbh_heapmin             00408af9 f   libcmt:sbheap.obj
 0001:00007bca       ___sbh_heap_check          00408bca f   libcmt:sbheap.obj
 0001:00007ef9       __get_old_sbh_threshold    00408ef9 f   libcmt:sbheap.obj
 0001:00007eff       __set_old_sbh_threshold    00408eff f   libcmt:sbheap.obj
 0001:00007f1b       ___old_sbh_new_region      00408f1b f   libcmt:sbheap.obj
 0001:0000805f       ___old_sbh_release_region  0040905f f   libcmt:sbheap.obj
 0001:000080b5       ___old_sbh_decommit_pages  004090b5 f   libcmt:sbheap.obj
 0001:00008177       ___old_sbh_find_block      00409177 f   libcmt:sbheap.obj
 0001:000081ce       ___old_sbh_free_block      004091ce f   libcmt:sbheap.obj
 0001:00008213       ___old_sbh_alloc_block     00409213 f   libcmt:sbheap.obj
 0001:0000841b       ___old_sbh_alloc_block_from_page 0040941b f   libcmt:sbheap.obj
 0001:0000853f       ___old_sbh_resize_block    0040953f f   libcmt:sbheap.obj
 0001:000085e8       ___old_sbh_heap_check      004095e8 f   libcmt:sbheap.obj
 0001:00008746       _calloc                    00409746 f   libcmt:calloc.obj
 0001:00008883       ?_set_new_handler@@YAP6AHI@ZP6AHI@Z@Z 00409883 f   libcmt:handler.obj
 0001:000088a7       ?_query_new_handler@@YAP6AHI@ZXZ 004098a7 f   libcmt:handler.obj
 0001:000088ad       __callnewh                 004098ad f   libcmt:handler.obj
 0001:000088c8       ?__CxxUnhandledExceptionFilter@@YGJPAU_EXCEPTION_POINTERS@@@Z 004098c8 f   libcmt:unhandld.obj
 0001:0000890e       ?__CxxSetUnhandledExceptionFilter@@YAXXZ 0040990e f   libcmt:unhandld.obj
 0001:0000891f       ?__CxxRestoreUnhandledExceptionFilter@@YAXXZ 0040991f f   libcmt:unhandld.obj
 0001:00008940       _strchr                    00409940 f   libcmt:strchr.obj
 0001:00008946       ___from_strstr_to_strchr   00409946 f   libcmt:strchr.obj
 0001:00008a00       _strpbrk                   00409a00 f   libcmt:strpbrk.obj
 0001:00008a3a       ___crtLCMapStringA         00409a3a f   libcmt:a_map.obj
 0001:00008c90       __strrev                   00409c90 f   libcmt:strrev.obj
 0001:00008cc0       __isctype                  00409cc0 f   libcmt:isctype.obj
 0001:00008d40       __allmul                   00409d40 f   libcmt:llmul.obj
 0001:00008d74       ___crtGetStringTypeA       00409d74 f   libcmt:a_str.obj
 0001:00008ebd       ___tzset                   00409ebd f   libcmt:tzset.obj
 0001:00008eeb       __tzset                    00409eeb f   libcmt:tzset.obj
 0001:00009188       __isindst                  0040a188 f   libcmt:tzset.obj
 0001:00009495       ___loctotime_t             0040a495 f   libcmt:dtoxtime.obj
 0001:00009557       _setlocale                 0040a557 f   libcmt:setlocal.obj
 0001:00009971       __expandlocale             0040a971 f   libcmt:setlocal.obj
 0001:00009a89       ___init_dummy              0040aa89 f   libcmt:setlocal.obj
 0001:00009a8c       __strcats                  0040aa8c f   libcmt:setlocal.obj
 0001:00009ab1       ___lc_strtolc              0040aab1 f   libcmt:setlocal.obj
 0001:00009b7d       ___lc_lctostr              0040ab7d f   libcmt:setlocal.obj
 0001:00009bd0       __stricmp                  0040abd0 f   libcmt:stricmp.obj
 0001:00009bd0       __strcmpi                  0040abd0 f   libcmt:stricmp.obj
 0001:00009ca0       ?_ValidateRead@@YAHPBXI@Z  0040aca0 f   libcmt:validate.obj
 0001:00009cbc       ?_ValidateWrite@@YAHPAXI@Z 0040acbc f   libcmt:validate.obj
 0001:00009cd8       ?_ValidateExecute@@YAHP6GHXZ@Z 0040acd8 f   libcmt:validate.obj
 0001:00009cf0       _abort                     0040acf0 f   libcmt:abort.obj
 0001:00009d07       __ismbbkalnum              0040ad07 f   libcmt:ismbbyte.obj
 0001:00009d18       __ismbbkprint              0040ad18 f   libcmt:ismbbyte.obj
 0001:00009d29       __ismbbkpunct              0040ad29 f   libcmt:ismbbyte.obj
 0001:00009d3a       __ismbbalnum               0040ad3a f   libcmt:ismbbyte.obj
 0001:00009d4e       __ismbbalpha               0040ad4e f   libcmt:ismbbyte.obj
 0001:00009d62       __ismbbgraph               0040ad62 f   libcmt:ismbbyte.obj
 0001:00009d76       __ismbbprint               0040ad76 f   libcmt:ismbbyte.obj
 0001:00009d8a       __ismbbpunct               0040ad8a f   libcmt:ismbbyte.obj
 0001:00009d9b       __ismbblead                0040ad9b f   libcmt:ismbbyte.obj
 0001:00009dac       __ismbbtrail               0040adac f   libcmt:ismbbyte.obj
 0001:00009dbd       __ismbbkana                0040adbd f   libcmt:ismbbyte.obj
 0001:00009e15       _strtol                    0040ae15 f   libcmt:strtol.obj
 0001:0000a031       _strtoul                   0040b031 f   libcmt:strtol.obj
 0001:0000a050       _strstr                    0040b050 f   libcmt:strstr.obj
 0001:0000a0d0       _strncmp                   0040b0d0 f   libcmt:strncmp.obj
 0001:0000a108       ___crtMessageBoxA          0040b108 f   libcmt:crtmbox.obj
 0001:0000a1a0       _strncpy                   0040b1a0 f   libcmt:strncpy.obj
 0001:0000a29e       _getenv                    0040b29e f   libcmt:getenv.obj
 0001:0000a2bf       __getenv_lk                0040b2bf f   libcmt:getenv.obj
 0001:0000a33c       ___init_time               0040b33c f   libcmt:inittime.obj
 0001:0000a8ab       ___init_numeric            0040b8ab f   libcmt:initnum.obj
 0001:0000aab7       ___init_monetary           0040bab7 f   libcmt:initmon.obj
 0001:0000ad29       ___init_ctype              0040bd29 f   libcmt:initctyp.obj
 0001:0000af6e       ___init_collate            0040bf6e f   libcmt:initcoll.obj
 0001:0000af80       _strcspn                   0040bf80 f   libcmt:strcspn.obj
 0001:0000afbe       ___get_qualified_locale    0040bfbe f   libcmt:getqloc.obj
 0001:0000b865       __tolower                  0040c865 f   libcmt:tolower.obj
 0001:0000b86d       _tolower                   0040c86d f   libcmt:tolower.obj
 0001:0000b8dc       __tolower_lk               0040c8dc f   libcmt:tolower.obj
 0001:0000b9a7       _signal                    0040c9a7 f   libcmt:winsig.obj
 0001:0000bb8b       _raise                     0040cb8b f   libcmt:winsig.obj
 0001:0000bd4a       ___fpecode                 0040cd4a f   libcmt:winsig.obj
 0001:0000bd53       ___pxcptinfoptrs           0040cd53 f   libcmt:winsig.obj
 0001:0000bd5c       __toupper                  0040cd5c f   libcmt:toupper.obj
 0001:0000bd64       _toupper                   0040cd64 f   libcmt:toupper.obj
 0001:0000bdd3       __toupper_lk               0040cdd3 f   libcmt:toupper.obj
 0001:0000be9f       __mbsnbicoll               0040ce9f f   libcmt:mbsnbico.obj
 0001:0000bede       ___wtomb_environ           0040cede f   libcmt:wtombenv.obj
 0001:0000bf4c       ___getlocaleinfo           0040cf4c f   libcmt:inithelp.obj
 0001:0000c084       _localeconv                0040d084 f   libcmt:lconv.obj
 0001:0000c08a       ___crtGetStringTypeW       0040d08a f   libcmt:w_str.obj
 0001:0000c24f       __itoa                     0040d24f f   libcmt:xtoa.obj
 0001:0000c2d8       __ltoa                     0040d2d8 f   libcmt:xtoa.obj
 0001:0000c302       __ultoa                    0040d302 f   libcmt:xtoa.obj
 0001:0000c31d       __i64toa                   0040d31d f   libcmt:xtoa.obj
 0001:0000c3d4       __ui64toa                  0040d3d4 f   libcmt:xtoa.obj
 0001:0000c3f0       __strnicmp                 0040d3f0 f   libcmt:strnicmp.obj
 0001:0000c4f1       ___crtCompareStringA       0040d4f1 f   libcmt:a_cmp.obj
 0001:0000c799       ___crtsetenv               0040d799 f   libcmt:setenv.obj
 0001:0000c9df       ___crtGetLocaleInfoW       0040d9df f   libcmt:w_loc.obj
 0001:0000caf2       ___crtGetLocaleInfoA       0040daf2 f   libcmt:a_loc.obj
 0001:0000cc10       __aulldiv                  0040dc10 f   libcmt:ulldiv.obj
 0001:0000cc80       __aullrem                  0040dc80 f   libcmt:ullrem.obj
 0001:0000ccf6       _lstrcatA@8                0040dcf6 f   kernel32:KERNEL32.dll
 0001:0000ccfc       _lstrlenA@4                0040dcfc f   kernel32:KERNEL32.dll
 0001:0000cd02       _lstrcpyA@8                0040dd02 f   kernel32:KERNEL32.dll
 0001:0000cd08       _GetLastError@0            0040dd08 f   kernel32:KERNEL32.dll
 0001:0000cd0e       _GetModuleFileNameA@12     0040dd0e f   kernel32:KERNEL32.dll
 0001:0000cd14       _CloseHandle@4             0040dd14 f   kernel32:KERNEL32.dll
 0001:0000cd1a       _DeviceIoControl@32        0040dd1a f   kernel32:KERNEL32.dll
 0001:0000cd20       _CreateFileA@28            0040dd20 f   kernel32:KERNEL32.dll
 0001:0000cd26       _GetCurrentThreadId@0      0040dd26 f   kernel32:KERNEL32.dll
 0001:0000cd2c       _GetCurrentThread@0        0040dd2c f   kernel32:KERNEL32.dll
 0001:0000cd32       _lstrcmpiA@8               0040dd32 f   kernel32:KERNEL32.dll
 0001:0000cd38       _lstrcmpA@8                0040dd38 f   kernel32:KERNEL32.dll
 0001:0000cd3e       _GlobalDeleteAtom@4        0040dd3e f   kernel32:KERNEL32.dll
 0001:0000cd44       _GlobalAlloc@8             0040dd44 f   kernel32:KERNEL32.dll
 0001:0000cd4a       _GlobalLock@4              0040dd4a f   kernel32:KERNEL32.dll
 0001:0000cd50       _WaitForSingleObject@8     0040dd50 f   kernel32:KERNEL32.dll
 0001:0000cd56       _SetEvent@4                0040dd56 f   kernel32:KERNEL32.dll
 0001:0000cd5c       _ResumeThread@4            0040dd5c f   kernel32:KERNEL32.dll
 0001:0000cd62       _SetThreadPriority@8       0040dd62 f   kernel32:KERNEL32.dll
 0001:0000cd68       _SuspendThread@4           0040dd68 f   kernel32:KERNEL32.dll
 0001:0000cd6e       _CreateEventA@16           0040dd6e f   kernel32:KERNEL32.dll
 0001:0000cd74       _LoadResource@8            0040dd74 f   kernel32:KERNEL32.dll
 0001:0000cd7a       _FindResourceA@12          0040dd7a f   kernel32:KERNEL32.dll
 0001:0000cd80       _LockResource@4            0040dd80 f   kernel32:KERNEL32.dll
 0001:0000cd86       _GlobalFree@4              0040dd86 f   kernel32:KERNEL32.dll
 0001:0000cd8c       _GlobalUnlock@4            0040dd8c f   kernel32:KERNEL32.dll
 0001:0000cd92       _GetProcAddress@8          0040dd92 f   kernel32:KERNEL32.dll
 0001:0000cd98       _GetModuleHandleA@4        0040dd98 f   kernel32:KERNEL32.dll
 0001:0000cd9e       _GlobalFindAtomA@4         0040dd9e f   kernel32:KERNEL32.dll
 0001:0000cda4       _GlobalAddAtomA@4          0040dda4 f   kernel32:KERNEL32.dll
 0001:0000cdaa       _GlobalGetAtomNameA@12     0040ddaa f   kernel32:KERNEL32.dll
 0001:0000cdb0       _GetVersion@0              0040ddb0 f   kernel32:KERNEL32.dll
 0001:0000cdb6       _FreeLibrary@4             0040ddb6 f   kernel32:KERNEL32.dll
 0001:0000cdbc       _LoadLibraryA@4            0040ddbc f   kernel32:KERNEL32.dll
 0001:0000cdc2       _InterlockedIncrement@4    0040ddc2 f   kernel32:KERNEL32.dll
 0001:0000cdc8       _InterlockedDecrement@4    0040ddc8 f   kernel32:KERNEL32.dll
 0001:0000cdce       _WideCharToMultiByte@32    0040ddce f   kernel32:KERNEL32.dll
 0001:0000cdd4       _MultiByteToWideChar@24    0040ddd4 f   kernel32:KERNEL32.dll
 0001:0000cdda       _SetLastError@4            0040ddda f   kernel32:KERNEL32.dll
 0001:0000cde0       _MulDiv@12                 0040dde0 f   kernel32:KERNEL32.dll
 0001:0000cde6       _LocalAlloc@8              0040dde6 f   kernel32:KERNEL32.dll
 0001:0000cdec       _LocalFree@4               0040ddec f   kernel32:KERNEL32.dll
 0001:0000cdf2       _InitializeCriticalSection@4 0040ddf2 f   kernel32:KERNEL32.dll
 0001:0000cdf8       _TlsAlloc@0                0040ddf8 f   kernel32:KERNEL32.dll
 0001:0000cdfe       _DeleteCriticalSection@4   0040ddfe f   kernel32:KERNEL32.dll
 0001:0000ce04       _GlobalHandle@4            0040de04 f   kernel32:KERNEL32.dll
 0001:0000ce0a       _TlsFree@4                 0040de0a f   kernel32:KERNEL32.dll
 0001:0000ce10       _LeaveCriticalSection@4    0040de10 f   kernel32:KERNEL32.dll
 0001:0000ce16       _GlobalReAlloc@12          0040de16 f   kernel32:KERNEL32.dll
 0001:0000ce1c       _EnterCriticalSection@4    0040de1c f   kernel32:KERNEL32.dll
 0001:0000ce22       _TlsSetValue@8             0040de22 f   kernel32:KERNEL32.dll
 0001:0000ce28       _LocalReAlloc@12           0040de28 f   kernel32:KERNEL32.dll
 0001:0000ce2e       _TlsGetValue@4             0040de2e f   kernel32:KERNEL32.dll
 0001:0000ce34       _lstrcpynA@12              0040de34 f   kernel32:KERNEL32.dll
 0001:0000ce3a       _GlobalFlags@4             0040de3a f   kernel32:KERNEL32.dll
 0001:0000ce40       _GetPrivateProfileIntA@16  0040de40 f   kernel32:KERNEL32.dll
 0001:0000ce46       _GetPrivateProfileStringA@24 0040de46 f   kernel32:KERNEL32.dll
 0001:0000ce4c       _WritePrivateProfileStringA@16 0040de4c f   kernel32:KERNEL32.dll
 0001:0000ce52       _GetCurrentDirectoryA@8    0040de52 f   kernel32:KERNEL32.dll
 0001:0000ce58       _GetProcessVersion@4       0040de58 f   kernel32:KERNEL32.dll
 0001:0000ce5e       _SizeofResource@8          0040de5e f   kernel32:KERNEL32.dll
 0001:0000ce64       _GetCPInfo@8               0040de64 f   kernel32:KERNEL32.dll
 0001:0000ce6a       _GetOEMCP@0                0040de6a f   kernel32:KERNEL32.dll
 0001:0000ce70       _SetErrorMode@4            0040de70 f   kernel32:KERNEL32.dll
 0001:0000ce76       _DuplicateHandle@28        0040de76 f   kernel32:KERNEL32.dll
 0001:0000ce7c       _GetCurrentProcess@0       0040de7c f   kernel32:KERNEL32.dll
 0001:0000ce82       _ReadFile@20               0040de82 f   kernel32:KERNEL32.dll
 0001:0000ce88       _WriteFile@20              0040de88 f   kernel32:KERNEL32.dll
 0001:0000ce8e       _SetFilePointer@16         0040de8e f   kernel32:KERNEL32.dll
 0001:0000ce94       _FlushFileBuffers@4        0040de94 f   kernel32:KERNEL32.dll
 0001:0000ce9a       _LockFile@20               0040de9a f   kernel32:KERNEL32.dll
 0001:0000cea0       _UnlockFile@20             0040dea0 f   kernel32:KERNEL32.dll
 0001:0000cea6       _SetEndOfFile@4            0040dea6 f   kernel32:KERNEL32.dll
 0001:0000ceac       _MoveFileA@8               0040deac f   kernel32:KERNEL32.dll
 0001:0000ceb2       _DeleteFileA@4             0040deb2 f   kernel32:KERNEL32.dll
 0001:0000ceb8       _FindClose@4               0040deb8 f   kernel32:KERNEL32.dll
 0001:0000cebe       _FindFirstFileA@8          0040debe f   kernel32:KERNEL32.dll
 0001:0000cec4       _GetVolumeInformationA@32  0040dec4 f   kernel32:KERNEL32.dll
 0001:0000ceca       _GetFullPathNameA@16       0040deca f   kernel32:KERNEL32.dll
 0001:0000ced0       _GetStringTypeExA@20       0040ded0 f   kernel32:KERNEL32.dll
 0001:0000ced6       _GetThreadLocale@0         0040ded6 f   kernel32:KERNEL32.dll
 0001:0000cedc       _GetShortPathNameA@12      0040dedc f   kernel32:KERNEL32.dll
 0001:0000cee2       _GetFileAttributesA@4      0040dee2 f   kernel32:KERNEL32.dll
 0001:0000cee8       _GetFileSize@8             0040dee8 f   kernel32:KERNEL32.dll
 0001:0000ceee       _GetFileTime@16            0040deee f   kernel32:KERNEL32.dll
 0001:0000cef4       _LocalFileTimeToFileTime@8 0040def4 f   kernel32:KERNEL32.dll
 0001:0000cefa       _SystemTimeToFileTime@8    0040defa f   kernel32:KERNEL32.dll
 0001:0000cf00       _SetFileTime@16            0040df00 f   kernel32:KERNEL32.dll
 0001:0000cf06       _SetFileAttributesA@8      0040df06 f   kernel32:KERNEL32.dll
 0001:0000cf0c       _FileTimeToSystemTime@8    0040df0c f   kernel32:KERNEL32.dll
 0001:0000cf12       _FileTimeToLocalFileTime@8 0040df12 f   kernel32:KERNEL32.dll
 0001:0000cf18       _RtlUnwind@16              0040df18 f   kernel32:KERNEL32.dll
 0001:0000cf1e       _GetStartupInfoA@4         0040df1e f   kernel32:KERNEL32.dll
 0001:0000cf24       _GetCommandLineA@0         0040df24 f   kernel32:KERNEL32.dll
 0001:0000cf2a       _ExitProcess@4             0040df2a f   kernel32:KERNEL32.dll
 0001:0000cf30       _TerminateProcess@8        0040df30 f   kernel32:KERNEL32.dll
 0001:0000cf36       _HeapFree@12               0040df36 f   kernel32:KERNEL32.dll
 0001:0000cf3c       _CreateThread@24           0040df3c f   kernel32:KERNEL32.dll
 0001:0000cf42       _ExitThread@4              0040df42 f   kernel32:KERNEL32.dll
 0001:0000cf48       _HeapAlloc@12              0040df48 f   kernel32:KERNEL32.dll
 0001:0000cf4e       _RaiseException@16         0040df4e f   kernel32:KERNEL32.dll
 0001:0000cf54       _HeapReAlloc@16            0040df54 f   kernel32:KERNEL32.dll
 0001:0000cf5a       _HeapSize@12               0040df5a f   kernel32:KERNEL32.dll
 0001:0000cf60       _GetACP@0                  0040df60 f   kernel32:KERNEL32.dll
 0001:0000cf66       _GetTimeZoneInformation@4  0040df66 f   kernel32:KERNEL32.dll
 0001:0000cf6c       _GetSystemTime@4           0040df6c f   kernel32:KERNEL32.dll
 0001:0000cf72       _GetLocalTime@4            0040df72 f   kernel32:KERNEL32.dll
 0001:0000cf78       _UnhandledExceptionFilter@4 0040df78 f   kernel32:KERNEL32.dll
 0001:0000cf7e       _FreeEnvironmentStringsA@4 0040df7e f   kernel32:KERNEL32.dll
 0001:0000cf84       _FreeEnvironmentStringsW@4 0040df84 f   kernel32:KERNEL32.dll
 0001:0000cf8a       _GetEnvironmentStrings@0   0040df8a f   kernel32:KERNEL32.dll
 0001:0000cf90       _GetEnvironmentStringsW@0  0040df90 f   kernel32:KERNEL32.dll
 0001:0000cf96       _SetHandleCount@4          0040df96 f   kernel32:KERNEL32.dll
 0001:0000cf9c       _GetStdHandle@4            0040df9c f   kernel32:KERNEL32.dll
 0001:0000cfa2       _GetFileType@4             0040dfa2 f   kernel32:KERNEL32.dll
 0001:0000cfa8       _GetEnvironmentVariableA@12 0040dfa8 f   kernel32:KERNEL32.dll
 0001:0000cfae       _GetVersionExA@4           0040dfae f   kernel32:KERNEL32.dll
 0001:0000cfb4       _HeapDestroy@4             0040dfb4 f   kernel32:KERNEL32.dll
 0001:0000cfba       _HeapCreate@12             0040dfba f   kernel32:KERNEL32.dll
 0001:0000cfc0       _VirtualFree@12            0040dfc0 f   kernel32:KERNEL32.dll
 0001:0000cfc6       _FatalAppExitA@8           0040dfc6 f   kernel32:KERNEL32.dll
 0001:0000cfcc       _VirtualAlloc@16           0040dfcc f   kernel32:KERNEL32.dll
 0001:0000cfd2       _IsBadWritePtr@8           0040dfd2 f   kernel32:KERNEL32.dll
 0001:0000cfd8       _SetUnhandledExceptionFilter@4 0040dfd8 f   kernel32:KERNEL32.dll
 0001:0000cfde       _LCMapStringA@24           0040dfde f   kernel32:KERNEL32.dll
 0001:0000cfe4       _LCMapStringW@24           0040dfe4 f   kernel32:KERNEL32.dll
 0001:0000cfea       _GetStringTypeA@20         0040dfea f   kernel32:KERNEL32.dll
 0001:0000cff0       _GetStringTypeW@16         0040dff0 f   kernel32:KERNEL32.dll
 0001:0000cff6       _Sleep@4                   0040dff6 f   kernel32:KERNEL32.dll
 0001:0000cffc       _IsBadReadPtr@8            0040dffc f   kernel32:KERNEL32.dll
 0001:0000d002       _IsBadCodePtr@4            0040e002 f   kernel32:KERNEL32.dll
 0001:0000d008       _IsValidLocale@8           0040e008 f   kernel32:KERNEL32.dll
 0001:0000d00e       _IsValidCodePage@4         0040e00e f   kernel32:KERNEL32.dll
 0001:0000d014       _GetLocaleInfoA@16         0040e014 f   kernel32:KERNEL32.dll
 0001:0000d01a       _EnumSystemLocalesA@8      0040e01a f   kernel32:KERNEL32.dll
 0001:0000d020       _GetUserDefaultLCID@0      0040e020 f   kernel32:KERNEL32.dll
 0001:0000d026       _SetConsoleCtrlHandler@8   0040e026 f   kernel32:KERNEL32.dll
 0001:0000d02c       _CompareStringA@24         0040e02c f   kernel32:KERNEL32.dll
 0001:0000d032       _CompareStringW@24         0040e032 f   kernel32:KERNEL32.dll
 0001:0000d038       _SetEnvironmentVariableA@8 0040e038 f   kernel32:KERNEL32.dll
 0001:0000d03e       _GetLocaleInfoW@16         0040e03e f   kernel32:KERNEL32.dll
 0001:0000d044       _GetSystemMetrics@4        0040e044 f   user32:USER32.dll
 0001:0000d04a       _wsprintfA                 0040e04a f   user32:USER32.dll
 0001:0000d050       _DrawIcon@16               0040e050 f   user32:USER32.dll
 0001:0000d056       _AppendMenuA@16            0040e056 f   user32:USER32.dll
 0001:0000d05c       _SendMessageA@16           0040e05c f   user32:USER32.dll
 0001:0000d062       _GetSystemMenu@8           0040e062 f   user32:USER32.dll
 0001:0000d068       _IsIconic@4                0040e068 f   user32:USER32.dll
 0001:0000d06e       _GetClientRect@8           0040e06e f   user32:USER32.dll
 0001:0000d074       _EnableWindow@8            0040e074 f   user32:USER32.dll
 0001:0000d07a       _LoadIconA@8               0040e07a f   user32:USER32.dll
 0001:0000d080       _PostMessageA@16           0040e080 f   user32:USER32.dll
 0001:0000d086       _PostQuitMessage@4         0040e086 f   user32:USER32.dll
 0001:0000d08c       _ShowOwnedPopups@8         0040e08c f   user32:USER32.dll
 0001:0000d092       _SetCursor@4               0040e092 f   user32:USER32.dll
 0001:0000d098       _MessageBoxA@16            0040e098 f   user32:USER32.dll
 0001:0000d09e       _GetWindowLongA@8          0040e09e f   user32:USER32.dll
 0001:0000d0a4       _IsWindowEnabled@4         0040e0a4 f   user32:USER32.dll
 0001:0000d0aa       _GetLastActivePopup@4      0040e0aa f   user32:USER32.dll
 0001:0000d0b0       _GetParent@4               0040e0b0 f   user32:USER32.dll
 0001:0000d0b6       _SetWindowsHookExA@16      0040e0b6 f   user32:USER32.dll
 0001:0000d0bc       _GetCursorPos@4            0040e0bc f   user32:USER32.dll
 0001:0000d0c2       _PeekMessageA@20           0040e0c2 f   user32:USER32.dll
 0001:0000d0c8       _IsWindowVisible@4         0040e0c8 f   user32:USER32.dll
 0001:0000d0ce       _ValidateRect@8            0040e0ce f   user32:USER32.dll
 0001:0000d0d4       _CallNextHookEx@16         0040e0d4 f   user32:USER32.dll
 0001:0000d0da       _GetKeyState@4             0040e0da f   user32:USER32.dll
 0001:0000d0e0       _GetActiveWindow@0         0040e0e0 f   user32:USER32.dll
 0001:0000d0e6       _DispatchMessageA@4        0040e0e6 f   user32:USER32.dll
 0001:0000d0ec       _TranslateMessage@4        0040e0ec f   user32:USER32.dll
 0001:0000d0f2       _GetMessageA@16            0040e0f2 f   user32:USER32.dll
 0001:0000d0f8       _GetNextDlgTabItem@12      0040e0f8 f   user32:USER32.dll
 0001:0000d0fe       _GetFocus@0                0040e0fe f   user32:USER32.dll
 0001:0000d104       _EnableMenuItem@12         0040e104 f   user32:USER32.dll
 0001:0000d10a       _CheckMenuItem@12          0040e10a f   user32:USER32.dll
 0001:0000d110       _SetMenuItemBitmaps@20     0040e110 f   user32:USER32.dll
 0001:0000d116       _ModifyMenuA@20            0040e116 f   user32:USER32.dll
 0001:0000d11c       _GetMenuState@12           0040e11c f   user32:USER32.dll
 0001:0000d122       _LoadBitmapA@8             0040e122 f   user32:USER32.dll
 0001:0000d128       _GetMenuCheckMarkDimensions@0 0040e128 f   user32:USER32.dll
 0001:0000d12e       _GetDlgItem@8              0040e12e f   user32:USER32.dll
 0001:0000d134       _DestroyWindow@4           0040e134 f   user32:USER32.dll
 0001:0000d13a       _CreateDialogIndirectParamA@20 0040e13a f   user32:USER32.dll
 0001:0000d140       _IsWindow@4                0040e140 f   user32:USER32.dll
 0001:0000d146       _SetActiveWindow@4         0040e146 f   user32:USER32.dll
 0001:0000d14c       _EndDialog@8               0040e14c f   user32:USER32.dll
 0001:0000d152       _GetWindowRect@8           0040e152 f   user32:USER32.dll
 0001:0000d158       _GetWindowPlacement@8      0040e158 f   user32:USER32.dll
 0001:0000d15e       _SystemParametersInfoA@16  0040e15e f   user32:USER32.dll
 0001:0000d164       _IntersectRect@12          0040e164 f   user32:USER32.dll
 0001:0000d16a       _OffsetRect@12             0040e16a f   user32:USER32.dll
 0001:0000d170       _RegisterWindowMessageA@4  0040e170 f   user32:USER32.dll
 0001:0000d176       _SetWindowPos@28           0040e176 f   user32:USER32.dll
 0001:0000d17c       _SetWindowLongA@12         0040e17c f   user32:USER32.dll
 0001:0000d182       _GetWindow@8               0040e182 f   user32:USER32.dll
 0001:0000d188       _SetForegroundWindow@4     0040e188 f   user32:USER32.dll
 0001:0000d18e       _GetForegroundWindow@0     0040e18e f   user32:USER32.dll
 0001:0000d194       _GetMessagePos@0           0040e194 f   user32:USER32.dll
 0001:0000d19a       _GetMessageTime@0          0040e19a f   user32:USER32.dll
 0001:0000d1a0       _DefWindowProcA@16         0040e1a0 f   user32:USER32.dll
 0001:0000d1a6       _RemovePropA@8             0040e1a6 f   user32:USER32.dll
 0001:0000d1ac       _CallWindowProcA@20        0040e1ac f   user32:USER32.dll
 0001:0000d1b2       _GetPropA@8                0040e1b2 f   user32:USER32.dll
 0001:0000d1b8       _UnhookWindowsHookEx@4     0040e1b8 f   user32:USER32.dll
 0001:0000d1be       _SetPropA@12               0040e1be f   user32:USER32.dll
 0001:0000d1c4       _GetClassLongA@8           0040e1c4 f   user32:USER32.dll
 0001:0000d1ca       _CreateWindowExA@48        0040e1ca f   user32:USER32.dll
 0001:0000d1d0       _GetDlgCtrlID@4            0040e1d0 f   user32:USER32.dll
 0001:0000d1d6       _GetWindowTextA@12         0040e1d6 f   user32:USER32.dll
 0001:0000d1dc       _GetWindowTextLengthA@4    0040e1dc f   user32:USER32.dll
 0001:0000d1e2       _SetWindowPlacement@8      0040e1e2 f   user32:USER32.dll
 0001:0000d1e8       _TrackPopupMenu@28         0040e1e8 f   user32:USER32.dll
 0001:0000d1ee       _GetMenuItemID@8           0040e1ee f   user32:USER32.dll
 0001:0000d1f4       _GetSubMenu@8              0040e1f4 f   user32:USER32.dll
 0001:0000d1fa       _GetMenuItemCount@4        0040e1fa f   user32:USER32.dll
 0001:0000d200       _GetMenu@4                 0040e200 f   user32:USER32.dll
 0001:0000d206       _RegisterClassA@4          0040e206 f   user32:USER32.dll
 0001:0000d20c       _GetClassInfoA@12          0040e20c f   user32:USER32.dll
 0001:0000d212       _WinHelpA@16               0040e212 f   user32:USER32.dll
 0001:0000d218       _GetCapture@0              0040e218 f   user32:USER32.dll
 0001:0000d21e       _IsChild@8                 0040e21e f   user32:USER32.dll
 0001:0000d224       _GetTopWindow@4            0040e224 f   user32:USER32.dll
 0001:0000d22a       _SetScrollPos@16           0040e22a f   user32:USER32.dll
 0001:0000d230       _GetScrollPos@8            0040e230 f   user32:USER32.dll
 0001:0000d236       _SetScrollRange@20         0040e236 f   user32:USER32.dll
 0001:0000d23c       _GetScrollRange@16         0040e23c f   user32:USER32.dll
 0001:0000d242       _ShowScrollBar@12          0040e242 f   user32:USER32.dll
 0001:0000d248       _SetScrollInfo@16          0040e248 f   user32:USER32.dll
 0001:0000d24e       _GetScrollInfo@12          0040e24e f   user32:USER32.dll
 0001:0000d254       _ScrollWindow@20           0040e254 f   user32:USER32.dll
 0001:0000d25a       _EndDeferWindowPos@4       0040e25a f   user32:USER32.dll
 0001:0000d260       _CopyRect@8                0040e260 f   user32:USER32.dll
 0001:0000d266       _BeginDeferWindowPos@4     0040e266 f   user32:USER32.dll
 0001:0000d26c       _DeferWindowPos@32         0040e26c f   user32:USER32.dll
 0001:0000d272       _EqualRect@8               0040e272 f   user32:USER32.dll
 0001:0000d278       _ScreenToClient@8          0040e278 f   user32:USER32.dll
 0001:0000d27e       _AdjustWindowRectEx@16     0040e27e f   user32:USER32.dll
 0001:0000d284       _SetFocus@4                0040e284 f   user32:USER32.dll
 0001:0000d28a       _GetSysColor@4             0040e28a f   user32:USER32.dll
 0001:0000d290       _MapWindowPoints@16        0040e290 f   user32:USER32.dll
 0001:0000d296       _SendDlgItemMessageA@20    0040e296 f   user32:USER32.dll
 0001:0000d29c       _UpdateWindow@4            0040e29c f   user32:USER32.dll
 0001:0000d2a2       _CheckDlgButton@12         0040e2a2 f   user32:USER32.dll
 0001:0000d2a8       _CheckRadioButton@16       0040e2a8 f   user32:USER32.dll
 0001:0000d2ae       _GetDlgItemInt@16          0040e2ae f   user32:USER32.dll
 0001:0000d2b4       _GetDlgItemTextA@16        0040e2b4 f   user32:USER32.dll
 0001:0000d2ba       _SetDlgItemInt@16          0040e2ba f   user32:USER32.dll
 0001:0000d2c0       _SetDlgItemTextA@12        0040e2c0 f   user32:USER32.dll
 0001:0000d2c6       _IsDlgButtonChecked@8      0040e2c6 f   user32:USER32.dll
 0001:0000d2cc       _ScrollWindowEx@32         0040e2cc f   user32:USER32.dll
 0001:0000d2d2       _IsDialogMessageA@8        0040e2d2 f   user32:USER32.dll
 0001:0000d2d8       _SetWindowTextA@8          0040e2d8 f   user32:USER32.dll
 0001:0000d2de       _MoveWindow@24             0040e2de f   user32:USER32.dll
 0001:0000d2e4       _ShowWindow@8              0040e2e4 f   user32:USER32.dll
 0001:0000d2ea       _CharToOemA@8              0040e2ea f   user32:USER32.dll
 0001:0000d2f0       _OemToCharA@8              0040e2f0 f   user32:USER32.dll
 0001:0000d2f6       _LoadStringA@16            0040e2f6 f   user32:USER32.dll
 0001:0000d2fc       _ClientToScreen@8          0040e2fc f   user32:USER32.dll
 0001:0000d302       _GetDC@4                   0040e302 f   user32:USER32.dll
 0001:0000d308       _ReleaseDC@8               0040e308 f   user32:USER32.dll
 0001:0000d30e       _GetWindowDC@4             0040e30e f   user32:USER32.dll
 0001:0000d314       _BeginPaint@8              0040e314 f   user32:USER32.dll
 0001:0000d31a       _EndPaint@8                0040e31a f   user32:USER32.dll
 0001:0000d320       _TabbedTextOutA@32         0040e320 f   user32:USER32.dll
 0001:0000d326       _DrawTextA@20              0040e326 f   user32:USER32.dll
 0001:0000d32c       _GrayStringA@36            0040e32c f   user32:USER32.dll
 0001:0000d332       _DestroyMenu@4             0040e332 f   user32:USER32.dll
 0001:0000d338       _LoadCursorA@8             0040e338 f   user32:USER32.dll
 0001:0000d33e       _SetCapture@4              0040e33e f   user32:USER32.dll
 0001:0000d344       _ReleaseCapture@0          0040e344 f   user32:USER32.dll
 0001:0000d34a       _WaitMessage@0             0040e34a f   user32:USER32.dll
 0001:0000d350       _GetDesktopWindow@0        0040e350 f   user32:USER32.dll
 0001:0000d356       _GetWindowThreadProcessId@8 0040e356 f   user32:USER32.dll
 0001:0000d35c       _WindowFromPoint@8         0040e35c f   user32:USER32.dll
 0001:0000d362       _GetClassNameA@12          0040e362 f   user32:USER32.dll
 0001:0000d368       _PtInRect@12               0040e368 f   user32:USER32.dll
 0001:0000d36e       _InsertMenuA@20            0040e36e f   user32:USER32.dll
 0001:0000d374       _DeleteMenu@12             0040e374 f   user32:USER32.dll
 0001:0000d37a       _GetMenuStringA@20         0040e37a f   user32:USER32.dll
 0001:0000d380       _GetSysColorBrush@4        0040e380 f   user32:USER32.dll
 0001:0000d386       _GetDialogBaseUnits@0      0040e386 f   user32:USER32.dll
 0001:0000d38c       _SetRectEmpty@4            0040e38c f   user32:USER32.dll
 0001:0000d392       _LoadAcceleratorsA@8       0040e392 f   user32:USER32.dll
 0001:0000d398       _TranslateAcceleratorA@12  0040e398 f   user32:USER32.dll
 0001:0000d39e       _LoadMenuA@8               0040e39e f   user32:USER32.dll
 0001:0000d3a4       _SetMenu@8                 0040e3a4 f   user32:USER32.dll
 0001:0000d3aa       _ReuseDDElParam@20         0040e3aa f   user32:USER32.dll
 0001:0000d3b0       _UnpackDDElParam@16        0040e3b0 f   user32:USER32.dll
 0001:0000d3b6       _InvalidateRect@12         0040e3b6 f   user32:USER32.dll
 0001:0000d3bc       _BringWindowToTop@4        0040e3bc f   user32:USER32.dll
 0001:0000d3c2       _CharUpperA@4              0040e3c2 f   user32:USER32.dll
 0001:0000d3c8       _CreateBitmap@20           0040e3c8 f   gdi32:GDI32.dll
 0001:0000d3ce       _GetDCOrgEx@8              0040e3ce f   gdi32:GDI32.dll
 0001:0000d3d4       _GetClipBox@8              0040e3d4 f   gdi32:GDI32.dll
 0001:0000d3da       _SetTextColor@8            0040e3da f   gdi32:GDI32.dll
 0001:0000d3e0       _SetBkColor@8              0040e3e0 f   gdi32:GDI32.dll
 0001:0000d3e6       _GetObjectA@12             0040e3e6 f   gdi32:GDI32.dll
 0001:0000d3ec       _DeleteDC@4                0040e3ec f   gdi32:GDI32.dll
 0001:0000d3f2       _StartDocA@8               0040e3f2 f   gdi32:GDI32.dll
 0001:0000d3f8       _SaveDC@4                  0040e3f8 f   gdi32:GDI32.dll
 0001:0000d3fe       _RestoreDC@8               0040e3fe f   gdi32:GDI32.dll
 0001:0000d404       _SelectObject@8            0040e404 f   gdi32:GDI32.dll
 0001:0000d40a       _GetStockObject@4          0040e40a f   gdi32:GDI32.dll
 0001:0000d410       _SelectPalette@12          0040e410 f   gdi32:GDI32.dll
 0001:0000d416       _SetBkMode@8               0040e416 f   gdi32:GDI32.dll
 0001:0000d41c       _SetPolyFillMode@8         0040e41c f   gdi32:GDI32.dll
 0001:0000d422       _SetROP2@8                 0040e422 f   gdi32:GDI32.dll
 0001:0000d428       _SetStretchBltMode@8       0040e428 f   gdi32:GDI32.dll
 0001:0000d42e       _SetMapMode@8              0040e42e f   gdi32:GDI32.dll
 0001:0000d434       _SetViewportOrgEx@16       0040e434 f   gdi32:GDI32.dll
 0001:0000d43a       _OffsetViewportOrgEx@16    0040e43a f   gdi32:GDI32.dll
 0001:0000d440       _SetViewportExtEx@16       0040e440 f   gdi32:GDI32.dll
 0001:0000d446       _ScaleViewportExtEx@24     0040e446 f   gdi32:GDI32.dll
 0001:0000d44c       _SetWindowOrgEx@16         0040e44c f   gdi32:GDI32.dll
 0001:0000d452       _OffsetWindowOrgEx@16      0040e452 f   gdi32:GDI32.dll
 0001:0000d458       _SetWindowExtEx@16         0040e458 f   gdi32:GDI32.dll
 0001:0000d45e       _ScaleWindowExtEx@24       0040e45e f   gdi32:GDI32.dll
 0001:0000d464       _SelectClipRgn@8           0040e464 f   gdi32:GDI32.dll
 0001:0000d46a       _ExcludeClipRect@20        0040e46a f   gdi32:GDI32.dll
 0001:0000d470       _IntersectClipRect@20      0040e470 f   gdi32:GDI32.dll
 0001:0000d476       _OffsetClipRgn@12          0040e476 f   gdi32:GDI32.dll
 0001:0000d47c       _MoveToEx@16               0040e47c f   gdi32:GDI32.dll
 0001:0000d482       _LineTo@12                 0040e482 f   gdi32:GDI32.dll
 0001:0000d488       _SetTextAlign@8            0040e488 f   gdi32:GDI32.dll
 0001:0000d48e       _SetTextJustification@12   0040e48e f   gdi32:GDI32.dll
 0001:0000d494       _SetTextCharacterExtra@8   0040e494 f   gdi32:GDI32.dll
 0001:0000d49a       _SetMapperFlags@8          0040e49a f   gdi32:GDI32.dll
 0001:0000d4a0       _GetCurrentPositionEx@8    0040e4a0 f   gdi32:GDI32.dll
 0001:0000d4a6       _ArcTo@36                  0040e4a6 f   gdi32:GDI32.dll
 0001:0000d4ac       _SetArcDirection@8         0040e4ac f   gdi32:GDI32.dll
 0001:0000d4b2       _PolyDraw@16               0040e4b2 f   gdi32:GDI32.dll
 0001:0000d4b8       _PolylineTo@12             0040e4b8 f   gdi32:GDI32.dll
 0001:0000d4be       _SetColorAdjustment@8      0040e4be f   gdi32:GDI32.dll
 0001:0000d4c4       _PolyBezierTo@12           0040e4c4 f   gdi32:GDI32.dll
 0001:0000d4ca       _DeleteObject@4            0040e4ca f   gdi32:GDI32.dll
 0001:0000d4d0       _GetClipRgn@8              0040e4d0 f   gdi32:GDI32.dll
 0001:0000d4d6       _CreateRectRgn@16          0040e4d6 f   gdi32:GDI32.dll
 0001:0000d4dc       _SelectClipPath@8          0040e4dc f   gdi32:GDI32.dll
 0001:0000d4e2       _ExtSelectClipRgn@12       0040e4e2 f   gdi32:GDI32.dll
 0001:0000d4e8       _PlayMetaFileRecord@16     0040e4e8 f   gdi32:GDI32.dll
 0001:0000d4ee       _GetObjectType@4           0040e4ee f   gdi32:GDI32.dll
 0001:0000d4f4       _EnumMetaFile@16           0040e4f4 f   gdi32:GDI32.dll
 0001:0000d4fa       _PlayMetaFile@8            0040e4fa f   gdi32:GDI32.dll
 0001:0000d500       _GetDeviceCaps@8           0040e500 f   gdi32:GDI32.dll
 0001:0000d506       _GetViewportExtEx@8        0040e506 f   gdi32:GDI32.dll
 0001:0000d50c       _GetWindowExtEx@8          0040e50c f   gdi32:GDI32.dll
 0001:0000d512       _CreatePen@12              0040e512 f   gdi32:GDI32.dll
 0001:0000d518       _ExtCreatePen@20           0040e518 f   gdi32:GDI32.dll
 0001:0000d51e       _CreateSolidBrush@4        0040e51e f   gdi32:GDI32.dll
 0001:0000d524       _CreateHatchBrush@8        0040e524 f   gdi32:GDI32.dll
 0001:0000d52a       _CreatePatternBrush@4      0040e52a f   gdi32:GDI32.dll
 0001:0000d530       _CreateDIBPatternBrushPt@8 0040e530 f   gdi32:GDI32.dll
 0001:0000d536       _PtVisible@12              0040e536 f   gdi32:GDI32.dll
 0001:0000d53c       _RectVisible@8             0040e53c f   gdi32:GDI32.dll
 0001:0000d542       _TextOutA@20               0040e542 f   gdi32:GDI32.dll
 0001:0000d548       _ExtTextOutA@32            0040e548 f   gdi32:GDI32.dll
 0001:0000d54e       _Escape@20                 0040e54e f   gdi32:GDI32.dll
 0001:0000d554       _GetTextExtentPoint32A@16  0040e554 f   gdi32:GDI32.dll
 0001:0000d55a       _GetTextMetricsA@8         0040e55a f   gdi32:GDI32.dll
 0001:0000d560       _CreateFontIndirectA@4     0040e560 f   gdi32:GDI32.dll
 0001:0000d566       _GetFileTitleA@12          0040e566 f   comdlg32:comdlg32.dll
 0001:0000d56c       _ClosePrinter@4            0040e56c f   winspool:WINSPOOL.DRV
 0001:0000d572       _DocumentPropertiesA@24    0040e572 f   winspool:WINSPOOL.DRV
 0001:0000d578       _OpenPrinterA@12           0040e578 f   winspool:WINSPOOL.DRV
 0001:0000d57e       _CloseServiceHandle@4      0040e57e f   advapi32:ADVAPI32.dll
 0001:0000d584       _CreateServiceA@52         0040e584 f   advapi32:ADVAPI32.dll
 0001:0000d58a       _OpenSCManagerA@12         0040e58a f   advapi32:ADVAPI32.dll
 0001:0000d590       _DeleteService@4           0040e590 f   advapi32:ADVAPI32.dll
 0001:0000d596       _OpenServiceA@12           0040e596 f   advapi32:ADVAPI32.dll
 0001:0000d59c       _StartServiceA@12          0040e59c f   advapi32:ADVAPI32.dll
 0001:0000d5a2       _ControlService@12         0040e5a2 f   advapi32:ADVAPI32.dll
 0001:0000d5a8       _RegCloseKey@4             0040e5a8 f   advapi32:ADVAPI32.dll
 0001:0000d5ae       _RegCreateKeyExA@36        0040e5ae f   advapi32:ADVAPI32.dll
 0001:0000d5b4       _RegOpenKeyExA@20          0040e5b4 f   advapi32:ADVAPI32.dll
 0001:0000d5ba       _RegQueryValueExA@24       0040e5ba f   advapi32:ADVAPI32.dll
 0001:0000d5c0       _RegSetValueExA@24         0040e5c0 f   advapi32:ADVAPI32.dll
 0001:0000d5c6       _RegDeleteValueA@8         0040e5c6 f   advapi32:ADVAPI32.dll
 0001:0000d5cc       _RegDeleteKeyA@8           0040e5cc f   advapi32:ADVAPI32.dll
 0001:0000d5d2       _RegOpenKeyA@12            0040e5d2 f   advapi32:ADVAPI32.dll
 0001:0000d5d8       _DragAcceptFiles@8         0040e5d8 f   shell32:SHELL32.dll
 0001:0000d5de       _DragFinish@4              0040e5de f   shell32:SHELL32.dll
 0001:0000d5e4       _DragQueryFileA@16         0040e5e4 f   shell32:SHELL32.dll
 0001:0000d5ea       _SHGetFileInfoA@20         0040e5ea f   shell32:SHELL32.dll
 0001:0000d5f0       _InitCommonControls@0      0040e5f0 f   comctl32:COMCTL32.dll
 0001:0000d760       _CallWndProcFilterProc@12  0040e760 f   ctl3d32s:CTL3D.OBJ
 0001:0000dbd0       _Ctl3dRegister@4           0040ebd0 f   ctl3d32s:CTL3D.OBJ
 0001:0000dc40       _Ctl3dUnregister@4         0040ec40 f   ctl3d32s:CTL3D.OBJ
 0001:0000dd00       _Ctl3dAutoSubclass@4       0040ed00 f   ctl3d32s:CTL3D.OBJ
 0001:0000dd10       _Ctl3dAutoSubclassEx@8     0040ed10 f   ctl3d32s:CTL3D.OBJ
 0001:0000de50       _Ctl3dIsAutoSubclass@0     0040ee50 f   ctl3d32s:CTL3D.OBJ
 0001:0000de80       _Ctl3dUnAutoSubclass@0     0040ee80 f   ctl3d32s:CTL3D.OBJ
 0001:0000df20       _Ctl3dSetStyle@12          0040ef20 f   ctl3d32s:CTL3D.OBJ
 0001:0000df30       _Ctl3dGetVer@0             0040ef30 f   ctl3d32s:CTL3D.OBJ
 0001:0000df40       _Ctl3dEnabled@0            0040ef40 f   ctl3d32s:CTL3D.OBJ
 0001:0000df50       _Ctl3dSubclassCtl@4        0040ef50 f   ctl3d32s:CTL3D.OBJ
 0001:0000df80       _Ctl3dUnsubclassCtl@4      0040ef80 f   ctl3d32s:CTL3D.OBJ
 0001:0000e090       _Ctl3dSubclassCtlEx@8      0040f090 f   ctl3d32s:CTL3D.OBJ
 0001:0000e120       _Ctl3dSubclassDlg@8        0040f120 f   ctl3d32s:CTL3D.OBJ
 0001:0000e230       _Ctl3dCheckSubclassDlg@8   0040f230 f   ctl3d32s:CTL3D.OBJ
 0001:0000e2b0       _Ctl3dSubclassDlgEx@8      0040f2b0 f   ctl3d32s:CTL3D.OBJ
 0001:0000e320       _Ctl3dCtlColor@8           0040f320 f   ctl3d32s:CTL3D.OBJ
 0001:0000e330       _Ctl3dCtlColorEx@12        0040f330 f   ctl3d32s:CTL3D.OBJ
 0001:0000e3c0       _Ctl3dColorChange@0        0040f3c0 f   ctl3d32s:CTL3D.OBJ
 0001:0000e3f0       _Ctl3dDlgFramePaint@16     0040f3f0 f   ctl3d32s:CTL3D.OBJ
 0001:0000e6c0       _Ctl3dWinIniChange@0       0040f6c0 f   ctl3d32s:CTL3D.OBJ
 0001:0000ebc0       _Ctl3dDlgProc@16           0040fbc0 f   ctl3d32s:CTL3D.OBJ
 0001:0000ef30       _Ctl3dHook@12              0040ff30 f   ctl3d32s:CTL3D.OBJ
 0001:0000fdc0       _BtnWndProc3d@16           00410dc0 f   ctl3d32s:CTL3D.OBJ
 0001:000100a0       _ListEditPaint3d           004110a0 f   ctl3d32s:CTL3D.OBJ
 0001:000103e0       _ShareEditComboWndProc3d   004113e0 f   ctl3d32s:CTL3D.OBJ
 0001:00010530       _EditWndProc3d@16          00411530 f   ctl3d32s:CTL3D.OBJ
 0001:00010560       _SharedListWndProc         00411560 f   ctl3d32s:CTL3D.OBJ
 0001:00010790       _ListWndProc3d@16          00411790 f   ctl3d32s:CTL3D.OBJ
 0001:000107c0       _ComboWndProc3d@16         004117c0 f   ctl3d32s:CTL3D.OBJ
 0001:00010810       _StaticPrint               00411810 f   ctl3d32s:CTL3D.OBJ
 0001:000108f0       _StaticPaint               004118f0 f   ctl3d32s:CTL3D.OBJ
 0001:00010a90       _StaticWndProc3d@16        00411a90 f   ctl3d32s:CTL3D.OBJ
 0001:00010be0       _LibMain                   00411be0 f   ctl3d32s:CTL3D.OBJ
 0001:00010cb0       _LoadUIBitmap@32           00411cb0 f   ctl3d32s:CTL3D.OBJ
 0001:00010e47       _WinMain@16                00411e47 f   nafxcw:appmodul.obj
 0001:00010e5f       ?AfxInitialize@@YGHHK@Z    00411e5f f   nafxcw:appmodul.obj
 0001:00010e7d       ?_AfxTermAppState@@YAXXZ   00411e7d f   nafxcw:appmodul.obj
 0001:00010eb2       _GetProfileStringA@20      00411eb2 f   kernel32:KERNEL32.dll
 0001:00010eb8       _IsWindowUnicode@4         00411eb8 f   user32:USER32.dll
 0001:00010ebe       _CharNextA@4               00411ebe f   user32:USER32.dll
 0001:00010ec4       _InflateRect@12            00411ec4 f   user32:USER32.dll
 0001:00010eca       _DefDlgProcA@16            00411eca f   user32:USER32.dll
 0001:00010ed0       _DrawFocusRect@8           00411ed0 f   user32:USER32.dll
 0001:00010ed6       _ExcludeUpdateRgn@8        00411ed6 f   user32:USER32.dll
 0001:00010edc       _ShowCaret@4               00411edc f   user32:USER32.dll
 0001:00010ee2       _HideCaret@4               00411ee2 f   user32:USER32.dll
 0001:00010ee8       _UnregisterClassA@8        00411ee8 f   user32:USER32.dll
 0001:00010eee       _PatBlt@24                 00411eee f   gdi32:GDI32.dll
 0001:00010ef4       _GetTextExtentPointA@16    00411ef4 f   gdi32:GDI32.dll
 0001:00010efa       _BitBlt@36                 00411efa f   gdi32:GDI32.dll
 0001:00010f00       _CreateCompatibleDC@4      00411f00 f   gdi32:GDI32.dll
 0001:00010f06       _CreateDIBitmap@24         00411f06 f   gdi32:GDI32.dll
 0001:00010f0c       ?InitString@CSimpleException@@QAEXXZ 00411f0c f   nafxcw:except.obj
 0001:00010f35       ?GetErrorMessage@CSimpleException@@UAEHPADIPAI@Z 00411f35 f   nafxcw:except.obj
 0001:00010f78       ?AfxThrowMemoryException@@YGXXZ 00411f78 f   nafxcw:except.obj
 0001:00010f91       ?AfxThrowNotSupportedException@@YGXXZ 00411f91 f   nafxcw:except.obj
 0001:00010faa       ??0CTime@@QAE@HHHHHHH@Z    00411faa f   nafxcw:timecore.obj
 0001:00010ff6       ??0CTime@@QAE@GGH@Z        00411ff6 f   nafxcw:timecore.obj
 0001:0001105f       ??0CTime@@QAE@ABU_SYSTEMTIME@@H@Z 0041205f f   nafxcw:timecore.obj
 0001:000110ab       ??0CTime@@QAE@ABU_FILETIME@@H@Z 004120ab f   nafxcw:timecore.obj
 0001:000110f7       ?GetTickCount@CTime@@SG?AV1@XZ 004120f7 f   nafxcw:timecore.obj
 0001:0001110a       ?GetGmtTm@CTime@@QBEPAUtm@@PAU2@@Z 0041210a f   nafxcw:timecore.obj
 0001:00011136       ?GetLocalTm@CTime@@QBEPAUtm@@PAU2@@Z 00412136 f   nafxcw:timecore.obj
 0001:00011165       ?GetAsSystemTime@CTime@@QBEHAAU_SYSTEMTIME@@@Z 00412165 f   nafxcw:timecore.obj
 0001:000111bc       ??6@YGAAVCArchive@@AAV0@VCTime@@@Z 004121bc f   nafxcw:timecore.obj
 0001:000111cc       ??5@YGAAVCArchive@@AAV0@AAVCTime@@@Z 004121cc f   nafxcw:timecore.obj
 0001:000111dc       ??6@YGAAVCArchive@@AAV0@VCTimeSpan@@@Z 004121dc f   nafxcw:timecore.obj
 0001:000111ec       ??5@YGAAVCArchive@@AAV0@AAVCTimeSpan@@@Z 004121ec f   nafxcw:timecore.obj
 0001:000111fc       ?Format@CTimeSpan@@QBE?AVCString@@PBD@Z 004121fc f   nafxcw:timecore.obj
 0001:00011328       ?Format@CTimeSpan@@QBE?AVCString@@I@Z 00412328 f   nafxcw:timecore.obj
 0001:00011384       ?Format@CTime@@QBE?AVCString@@PBD@Z 00412384 f   nafxcw:timecore.obj
 0001:000113d5       ?FormatGmt@CTime@@QBE?AVCString@@PBD@Z 004123d5 f   nafxcw:timecore.obj
 0001:00011426       ?Format@CTime@@QBE?AVCString@@I@Z 00412426 f   nafxcw:timecore.obj
 0001:00011482       ?FormatGmt@CTime@@QBE?AVCString@@I@Z 00412482 f   nafxcw:timecore.obj
 0001:000114de       ??0CPtrList@@QAE@H@Z       004124de f   nafxcw:list_p.obj
 0001:00011501       ??_ECPtrList@@UAEPAXI@Z    00412501 f i nafxcw:list_p.obj
 0001:00011501       ??_GCPtrList@@UAEPAXI@Z    00412501 f i nafxcw:list_p.obj
 0001:0001151d       ?RemoveAll@CPtrList@@QAEXXZ 0041251d f   nafxcw:list_p.obj
 0001:0001153d       ??1CPtrList@@UAE@XZ        0041253d f   nafxcw:list_p.obj
 0001:00011566       ?NewNode@CPtrList@@IAEPAUCNode@1@PAU21@0@Z 00412566 f   nafxcw:list_p.obj
 0001:000115be       ?FreeNode@CPtrList@@IAEXPAUCNode@1@@Z 004125be f   nafxcw:list_p.obj
 0001:000115d7       ?AddHead@CPtrList@@QAEPAU__POSITION@@PAX@Z 004125d7 f   nafxcw:list_p.obj
 0001:00011601       ?AddTail@CPtrList@@QAEPAU__POSITION@@PAX@Z 00412601 f   nafxcw:list_p.obj
 0001:0001162a       ?AddHead@CPtrList@@QAEXPAV1@@Z 0041262a f   nafxcw:list_p.obj
 0001:0001164f       ?AddTail@CPtrList@@QAEXPAV1@@Z 0041264f f   nafxcw:list_p.obj
 0001:00011673       ?RemoveHead@CPtrList@@QAEPAXXZ 00412673 f   nafxcw:list_p.obj
 0001:00011697       ?RemoveTail@CPtrList@@QAEPAXXZ 00412697 f   nafxcw:list_p.obj
 0001:000116bb       ?InsertBefore@CPtrList@@QAEPAU__POSITION@@PAU2@PAX@Z 004126bb f   nafxcw:list_p.obj
 0001:000116fa       ?InsertAfter@CPtrList@@QAEPAU__POSITION@@PAU2@PAX@Z 004126fa f   nafxcw:list_p.obj
 0001:00011737       ?RemoveAt@CPtrList@@QAEXPAU__POSITION@@@Z 00412737 f   nafxcw:list_p.obj
 0001:0001176e       ?FindIndex@CPtrList@@QBEPAU__POSITION@@H@Z 0041276e f   nafxcw:list_p.obj
 0001:00011794       ?Find@CPtrList@@QBEPAU__POSITION@@PAXPAU2@@Z 00412794 f   nafxcw:list_p.obj
 0001:000117b7       ?Create@CPlex@@SGPAU1@AAPAU1@II@Z 004127b7 f   nafxcw:plex.obj
 0001:000117d7       ?FreeDataChain@CPlex@@QAEXXZ 004127d7 f   nafxcw:plex.obj
 0001:000117ed       ??0CMapPtrToPtr@@QAE@H@Z   004127ed f   nafxcw:map_pp.obj
 0001:00011814       ??_ECMapPtrToPtr@@UAEPAXI@Z 00412814 f i nafxcw:map_pp.obj
 0001:00011814       ??_GCMapPtrToPtr@@UAEPAXI@Z 00412814 f i nafxcw:map_pp.obj
 0001:00011830       ?InitHashTable@CMapPtrToPtr@@QAEXIH@Z 00412830 f   nafxcw:map_pp.obj
 0001:00011875       ?RemoveAll@CMapPtrToPtr@@QAEXXZ 00412875 f   nafxcw:map_pp.obj
 0001:000118a0       ??1CMapPtrToPtr@@UAE@XZ    004128a0 f   nafxcw:map_pp.obj
 0001:000118c9       ?NewAssoc@CMapPtrToPtr@@IAEPAUCAssoc@1@XZ 004128c9 f   nafxcw:map_pp.obj
 0001:00011916       ?FreeAssoc@CMapPtrToPtr@@IAEXPAUCAssoc@1@@Z 00412916 f   nafxcw:map_pp.obj
 0001:0001192f       ?GetAssocAt@CMapPtrToPtr@@IBEPAUCAssoc@1@PAXAAI@Z 0041292f f   nafxcw:map_pp.obj
 0001:00011961       ?GetValueAt@CMapPtrToPtr@@QBEPAXPAX@Z 00412961 f   nafxcw:map_pp.obj
 0001:00011994       ?Lookup@CMapPtrToPtr@@QBEHPAXAAPAX@Z 00412994 f   nafxcw:map_pp.obj
 0001:000119b6       ??ACMapPtrToPtr@@QAEAAPAXPAX@Z 004129b6 f   nafxcw:map_pp.obj
 0001:00011a06       ?RemoveKey@CMapPtrToPtr@@QAEHPAX@Z 00412a06 f   nafxcw:map_pp.obj
 0001:00011a48       ?GetNextAssoc@CMapPtrToPtr@@QBEXAAPAU__POSITION@@AAPAX1@Z 00412a48 f   nafxcw:map_pp.obj
 0001:00011aba       ?GetMessageMap@CWinApp@@MBEPBUAFX_MSGMAP@@XZ 00412aba f   nafxcw:appcore.obj
 0001:00011ac0       ?Run@CWinApp@@UAEHXZ       00412ac0 f   nafxcw:appcore.obj
 0001:00011ae2       ?WinHelpA@CWinApp@@UAEXKI@Z 00412ae2 f   nafxcw:appcore.obj
 0001:00011b19       ?ProcessWndProcException@CWinApp@@UAEJPAVCException@@PBUtagMSG@@@Z 00412b19 f   nafxcw:appcore.obj
 0001:00011b90       ?OnIdle@CWinApp@@UAEHJ@Z   00412b90 f   nafxcw:appcore.obj
 0001:00011bfa       ?DevModeChange@CWinApp@@QAEXPAD@Z 00412bfa f   nafxcw:appcore.obj
 0001:00011ca7       ?_AfxThreadEntry@@YGIPAX@Z 00412ca7 f   nafxcw:thrdcore.obj
 0001:00011dd5       ?AfxGetThread@@YGPAVCWinThread@@XZ 00412dd5 f   nafxcw:thrdcore.obj
 0001:00011dea       ?AfxBeginThread@@YGPAVCWinThread@@P6AIPAX@Z0HIKPAU_SECURITY_ATTRIBUTES@@@Z 00412dea f   nafxcw:thrdcore.obj
 0001:00011e6b       ?AfxBeginThread@@YGPAVCWinThread@@PAUCRuntimeClass@@HIKPAU_SECURITY_ATTRIBUTES@@@Z 00412e6b f   nafxcw:thrdcore.obj
 0001:00011eca       ?AfxEndThread@@YGXIH@Z     00412eca f   nafxcw:thrdcore.obj
 0001:00011f0f       ?AfxInitThread@@YGXXZ      00412f0f f   nafxcw:thrdcore.obj
 0001:00011f6e       ?AfxTermThread@@YGXPAUHINSTANCE__@@@Z 00412f6e f   nafxcw:thrdcore.obj
 0001:00011ffe       ?CreateThread@CWinThread@@QAEHKIPAU_SECURITY_ATTRIBUTES@@@Z 00412ffe f   nafxcw:thrdcore.obj
 0001:000120e0       ?Delete@CWinThread@@UAEXXZ 004130e0 f   nafxcw:thrdcore.obj
 0001:000120f2       ?InitInstance@CWinThread@@UAEHXZ 004130f2 f   nafxcw:thrdcore.obj
 0001:000120f5       ?Run@CWinThread@@UAEHXZ    004130f5 f   nafxcw:thrdcore.obj
 0001:00012174       ?IsIdleMessage@CWinThread@@UAEHPAUtagMSG@@@Z 00413174 f   nafxcw:thrdcore.obj
 0001:000121cd       ?ExitInstance@CWinThread@@UAEHXZ 004131cd f   nafxcw:thrdcore.obj
 0001:000121d1       ?OnIdle@CWinThread@@UAEHJ@Z 004131d1 f   nafxcw:thrdcore.obj
 0001:000122dc       ?DispatchThreadMessage@CWinThread@@IAEXPAUtagMSG@@@Z 004132dc f   nafxcw:thrdcore.obj
 0001:000122e8       ?DispatchThreadMessageEx@CWinThread@@IAEHPAUtagMSG@@@Z 004132e8 f   nafxcw:thrdcore.obj
 0001:00012363       ?PreTranslateMessage@CWinThread@@UAEHPAUtagMSG@@@Z 00413363 f   nafxcw:thrdcore.obj
 0001:000123c0       ?ProcessWndProcException@CWinThread@@UAEJPAVCException@@PBUtagMSG@@@Z 004133c0 f   nafxcw:thrdcore.obj
 0001:000123e5       ?_AfxMsgFilterHook@@YGJHIJ@Z 004133e5 f   nafxcw:thrdcore.obj
 0001:0001243d       ?IsHelpKey@@YGHPAUtagMSG@@@Z 0041343d f   nafxcw:thrdcore.obj
 0001:00012488       ?IsEnterKey@@YAHPAUtagMSG@@@Z 00413488 f i nafxcw:thrdcore.obj
 0001:000124a2       ?IsButtonUp@@YAHPAUtagMSG@@@Z 004134a2 f i nafxcw:thrdcore.obj
 0001:000124b3       ?ProcessMessageFilter@CWinThread@@UAEHHPAUtagMSG@@@Z 004134b3 f   nafxcw:thrdcore.obj
 0001:000125fd       ?GetMainWnd@CWinThread@@UAEPAVCWnd@@XZ 004135fd f   nafxcw:thrdcore.obj
 0001:00012618       ?PumpMessage@CWinThread@@UAEHXZ 00413618 f   nafxcw:thrdcore.obj
 0001:00012658       ??0CCmdTarget@@QAE@XZ      00413658 f   nafxcw:cmdtarg.obj
 0001:00012672       ??1CCmdTarget@@UAE@XZ      00413672 f   nafxcw:cmdtarg.obj
 0001:0001269d       ?_AfxDispatchCmdMsg@@YGHPAVCCmdTarget@@IHP81@AEXXZPAXIPAUAFX_CMDHANDLERINFO@@@Z 0041369d f   nafxcw:cmdtarg.obj
 0001:000127a4       ?OnCmdMsg@CCmdTarget@@UAEHIHPAXPAUAFX_CMDHANDLERINFO@@@Z 004137a4 f   nafxcw:cmdtarg.obj
 0001:000128b3       ?IsInvokeAllowed@CCmdTarget@@UAEHJ@Z 004138b3 f   nafxcw:cmdtarg.obj
 0001:000128b9       ?GetDispatchIID@CCmdTarget@@UAEHPAU_GUID@@@Z 004138b9 f   nafxcw:cmdtarg.obj
 0001:000128be       ?GetTypeInfoCount@CCmdTarget@@UAEIXZ 004138be f   nafxcw:cmdtarg.obj
 0001:000128c1       ?GetTypeLibCache@CCmdTarget@@UAEPAVCTypeLibCache@@XZ 004138c1 f   nafxcw:cmdtarg.obj
 0001:000128c4       ?GetTypeLib@CCmdTarget@@UAEJKPAPAUITypeLib@@@Z 004138c4 f   nafxcw:cmdtarg.obj
 0001:000128cc       ?BeginWaitCursor@CCmdTarget@@QAEXXZ 004138cc f   nafxcw:cmdtarg.obj
 0001:000128e1       ?EndWaitCursor@CCmdTarget@@QAEXXZ 004138e1 f   nafxcw:cmdtarg.obj
 0001:000128f6       ?RestoreWaitCursor@CCmdTarget@@QAEXXZ 004138f6 f   nafxcw:cmdtarg.obj
 0001:0001290b       ?GetMessageMap@CCmdTarget@@MBEPBUAFX_MSGMAP@@XZ 0041390b f   nafxcw:cmdtarg.obj
 0001:00012911       ?GetDispatchMap@CCmdTarget@@MBEPBUAFX_DISPMAP@@XZ 00413911 f   nafxcw:cmdtarg.obj
 0001:00012917       ?GetEventSinkMap@CCmdTarget@@MBEPBUAFX_EVENTSINKMAP@@XZ 00413917 f   nafxcw:cmdtarg.obj
 0001:0001291d       ?GetInterfaceMap@CCmdTarget@@MBEPBUAFX_INTERFACEMAP@@XZ 0041391d f   nafxcw:cmdtarg.obj
 0001:00012923       ?OnFinalRelease@CCmdTarget@@UAEXXZ 00413923 f   nafxcw:cmdtarg.obj
 0001:00012955       ?OnCreateAggregates@CCmdTarget@@UAEHXZ 00413955 f   nafxcw:cmdtarg.obj
 0001:00012959       ?GetInterfaceHook@CCmdTarget@@UAEPAUIUnknown@@PBX@Z 00413959 f   nafxcw:cmdtarg.obj
 0001:0001295e       ?GetConnectionMap@CCmdTarget@@MBEPBUAFX_CONNECTIONMAP@@XZ 0041395e f   nafxcw:cmdtarg.obj
 0001:00012964       ?GetConnectionHook@CCmdTarget@@MAEPAUIConnectionPoint@@ABU_GUID@@@Z 00413964 f   nafxcw:cmdtarg.obj
[...]
 0001:00021a6a       _$E371                     00422a6a f   nafxcw:app3d.obj
 0001:0002177d       _$E368                     0042277d f   nafxcw:auxdata.obj
 0001:00021787       _$E365                     00422787 f   nafxcw:auxdata.obj
 0001:00021791       _$E367                     00422791 f   nafxcw:auxdata.obj
 0001:0002179d       _$E366                     0042279d f   nafxcw:auxdata.obj
 0001:000215ef       _$E368                     004225ef f   nafxcw:except.obj
 0001:000215f9       _$E365                     004225f9 f   nafxcw:except.obj
 0001:0002160b       _$E367                     0042260b f   nafxcw:except.obj
 0001:00021617       _$E366                     00422617 f   nafxcw:except.obj
 0001:00021627       _$E373                     00422627 f   nafxcw:except.obj
 0001:00021631       _$E370                     00422631 f   nafxcw:except.obj
 0001:00021643       _$E372                     00422643 f   nafxcw:except.obj
 0001:0002164f       _$E371                     0042264f f   nafxcw:except.obj
 0001:00020b4f       _$E371                     00421b4f f   nafxcw:winmenu.obj
 0001:00020b59       _$E367                     00421b59 f   nafxcw:winmenu.obj
 0001:00020b68       _$E370                     00421b68 f   nafxcw:winmenu.obj
 0001:00020b74       _$E368                     00421b74 f   nafxcw:winmenu.obj
 0001:0002078a       _$E368                     0042178a f   nafxcw:afxstate.obj
 0001:00020794       _$E365                     00421794 f   nafxcw:afxstate.obj
 0001:00020795       _$E367                     00421795 f   nafxcw:afxstate.obj
 0001:000207a1       _$E366                     004217a1 f   nafxcw:afxstate.obj
 0001:000209d4       _$E373                     004219d4 f   nafxcw:afxstate.obj
 0001:000209de       _$E370                     004219de f   nafxcw:afxstate.obj
 0001:000209df       _$E372                     004219df f   nafxcw:afxstate.obj
 0001:000209eb       _$E371                     004219eb f   nafxcw:afxstate.obj
 0001:000204bb       _$E372                     004214bb f   nafxcw:wingdi.obj
 0001:000204c5       _$E369                     004214c5 f   nafxcw:wingdi.obj
 0001:000204d7       _$E371                     004214d7 f   nafxcw:wingdi.obj
 0001:000204e3       _$E370                     004214e3 f   nafxcw:wingdi.obj
 0001:000204f3       _$E377                     004214f3 f   nafxcw:wingdi.obj
 0001:000204fd       _$E374                     004214fd f   nafxcw:wingdi.obj
 0001:0002050f       _$E376                     0042150f f   nafxcw:wingdi.obj
 0001:0002051b       _$E375                     0042151b f   nafxcw:wingdi.obj
 0001:00020654       _$E383                     00421654 f   nafxcw:wingdi.obj
 0001:0002065e       _$E379                     0042165e f   nafxcw:wingdi.obj
 0001:0002066d       _$E382                     0042166d f   nafxcw:wingdi.obj
 0001:00020679       _$E380                     00421679 f   nafxcw:wingdi.obj
 0001:00020694       _$E388                     00421694 f   nafxcw:wingdi.obj
 0001:0002069e       _$E385                     0042169e f   nafxcw:wingdi.obj
 0001:000206ad       _$E387                     004216ad f   nafxcw:wingdi.obj
 0001:000206b9       _$E386                     004216b9 f   nafxcw:wingdi.obj
 0001:000172e1       _$E368                     004182e1 f   nafxcw:strcore.obj
 0001:000172eb       _$E365                     004182eb f   nafxcw:strcore.obj
 0001:000172fa       _$E367                     004182fa f   nafxcw:strcore.obj
 0001:00017306       _$E366                     00418306 f   nafxcw:strcore.obj
 0001:00017310       _$E373                     00418310 f   nafxcw:strcore.obj
 0001:0001731a       _$E370                     0041831a f   nafxcw:strcore.obj
 0001:0001732c       _$E372                     0041832c f   nafxcw:strcore.obj
 0001:00017338       _$E371                     00418338 f   nafxcw:strcore.obj
 0001:00017342       _$E378                     00418342 f   nafxcw:strcore.obj
 0001:0001734c       _$E375                     0041834c f   nafxcw:strcore.obj
 0001:0001735e       _$E377                     0041835e f   nafxcw:strcore.obj
 0001:0001736a       _$E376                     0041836a f   nafxcw:strcore.obj
 0001:00017374       _$E383                     00418374 f   nafxcw:strcore.obj
 0001:0001737e       _$E380                     0041837e f   nafxcw:strcore.obj
 0001:00017390       _$E382                     00418390 f   nafxcw:strcore.obj
 0001:0001739c       _$E381                     0041839c f   nafxcw:strcore.obj
 0001:0001363e       _$E374                     0041463e f   nafxcw:wincore.obj
 0001:00013643       _$E373                     00414643 f   nafxcw:wincore.obj
 0001:00013654       _$E380                     00414654 f   nafxcw:wincore.obj
 0001:0001365e       _$E376                     0041465e f   nafxcw:wincore.obj
 0001:0001366b       _$E379                     0041466b f   nafxcw:wincore.obj
 0001:00013677       _$E377                     00414677 f   nafxcw:wincore.obj
 0001:00013692       _$E385                     00414692 f   nafxcw:wincore.obj
 0001:0001369c       _$E382                     0041469c f   nafxcw:wincore.obj
 0001:000136a9       _$E384                     004146a9 f   nafxcw:wincore.obj
 0001:000136b5       _$E383                     004146b5 f   nafxcw:wincore.obj
 0001:000136d0       _$E390                     004146d0 f   nafxcw:wincore.obj
 0001:000136da       _$E387                     004146da f   nafxcw:wincore.obj
 0001:000136e7       _$E389                     004146e7 f   nafxcw:wincore.obj
 0001:000136f3       _$E388                     004146f3 f   nafxcw:wincore.obj
 0001:0001370e       _$E395                     0041470e f   nafxcw:wincore.obj
 0001:00013718       _$E392                     00414718 f   nafxcw:wincore.obj
 0001:00013725       _$E394                     00414725 f   nafxcw:wincore.obj
 0001:00013731       _$E393                     00414731 f   nafxcw:wincore.obj
 0001:00020444       _$E403                     00421444 f   nafxcw:wincore.obj
 0001:0002044e       _$E399                     0042144e f   nafxcw:wincore.obj
 0001:0002045d       _$E402                     0042145d f   nafxcw:wincore.obj
 0001:00020469       _$E400                     00421469 f   nafxcw:wincore.obj
 0001:00020044       _$E368                     00421044 f   nafxcw:appcore.obj
 0001:0002004e       _$E365                     0042104e f   nafxcw:appcore.obj
 0001:0002004f       _$E367                     0042104f f   nafxcw:appcore.obj
 0001:0002005b       _$E366                     0042105b f   nafxcw:appcore.obj
 0001:0000c920       _findenv                   0040d920 f   libcmt:setenv.obj
 0001:0000c978       _copy_environ              0040d978 f   libcmt:setenv.obj
 0001:0000c76e       _strncnt                   0040d76e f   libcmt:a_cmp.obj
 0001:0000c27c       _xtoa                      0040d27c f   libcmt:xtoa.obj
 0001:0000c34e       _x64toa@20                 0040d34e f   libcmt:xtoa.obj
 0001:0000bb29       _ctrlevent_capture@4       0040cb29 f   libcmt:winsig.obj
 0001:0000bd0d       _siglookup                 0040cd0d f   libcmt:winsig.obj
 0001:0000b13b       _TranslateName             0040c13b f   libcmt:getqloc.obj
 0001:0000b193       _GetLcidFromLangCountry    0040c193 f   libcmt:getqloc.obj
 0001:0000b21a       _LangCountryEnumProc@4     0040c21a f   libcmt:getqloc.obj
 0001:0000b41e       _GetLcidFromLanguage       0040c41e f   libcmt:getqloc.obj
 0001:0000b474       _LanguageEnumProc@4        0040c474 f   libcmt:getqloc.obj
 0001:0000b531       _GetLcidFromCountry        0040c531 f   libcmt:getqloc.obj
 0001:0000b568       _CountryEnumProc@4         0040c568 f   libcmt:getqloc.obj
 0001:0000b5ee       _GetLcidFromDefault        0040c5ee f   libcmt:getqloc.obj
 0001:0000b608       _ProcessCodePage           0040c608 f   libcmt:getqloc.obj
 0001:0000b66e       _TestDefaultCountry        0040c66e f   libcmt:getqloc.obj
 0001:0000b68d       _TestDefaultLanguage       0040c68d f   libcmt:getqloc.obj
 0001:0000b6ef       _IsThisWindowsNT           0040c6ef f   libcmt:getqloc.obj
 0001:0000b725       _crtGetLocaleInfoA@16      0040c725 f   libcmt:getqloc.obj
 0001:0000b80b       _LcidFromHexString         0040c80b f   libcmt:getqloc.obj
 0001:0000b844       _GetPrimaryLen             0040c844 f   libcmt:getqloc.obj
 0001:0000ab82       __get_lc_lconv             0040bb82 f   libcmt:initmon.obj
 0001:0000aca4       _fix_grouping              0040bca4 f   libcmt:initmon.obj
 0001:0000acdb       __free_lc_lconv            0040bcdb f   libcmt:initmon.obj
 0001:0000aa80       _fix_grouping              0040ba80 f   libcmt:initnum.obj
 0001:0000a3cd       __get_lc_time              0040b3cd f   libcmt:inittime.obj
 0001:0000a71b       __free_lc_time             0040b71b f   libcmt:inittime.obj
 0001:00009e2c       _strtoxl                   0040ae2c f   libcmt:strtol.obj
 0001:00009de4       _x_ismbbtype               0040ade4 f   libcmt:ismbbyte.obj
 0001:0000979d       __setlocale_set_cat        0040a79d f   libcmt:setlocal.obj
 0001:000098b8       __setlocale_get_all        0040a8b8 f   libcmt:setlocal.obj
 0001:00008f01       __tzset_lk                 00409f01 f   libcmt:tzset.obj
 0001:000091a9       __isindst_lk               0040a1a9 f   libcmt:tzset.obj
 0001:00009355       _cvtdate                   0040a355 f   libcmt:tzset.obj
 0001:00008c5e       _strncnt                   00409c5e f   libcmt:a_map.obj
 0001:00006225       _parse_cmdline             00407225 f   libcmt:stdargv.obj
 0001:00006041       _xcptlookup                00407041 f   libcmt:winxfltr.obj
 0001:000054d3       ?FindHandler@@YAXPAUEHExceptionRecord@@PAUEHRegistrationNode@@PAU_CONTEXT@@PAXPBU_s_FuncInfo@@EH1@Z 004064d3 f   libcmt:frame.obj
 0001:00005686       ?FindHandlerForForeignException@@YAXPAUEHExceptionRecord@@PAUEHRegistrationNode@@PAU_CONTEXT@@PAXPBU_s_FuncInfo@@HH1@Z 00406686 f   libcmt:frame.obj
 0001:00005730       ?TypeMatch@@YAHPBU_s_HandlerType@@PBU_s_CatchableType@@PBU_s_ThrowInfo@@@Z 00406730 f   libcmt:frame.obj
 0001:0000582b       ?FrameUnwindFilter@@YAHPAU_EXCEPTION_POINTERS@@@Z 0040682b f   libcmt:frame.obj
 0001:00005841       ?CatchIt@@YAXPAUEHExceptionRecord@@PAUEHRegistrationNode@@PAU_CONTEXT@@PAXPBU_s_FuncInfo@@PBU_s_HandlerType@@PBU_s_CatchableType@@PBU_s_TryBlockMapEntry@@H1E@Z 00406841 f   libcmt:frame.obj
 0001:000058bc       ?CallCatchBlock@@YAPAXPAUEHExceptionRecord@@PAUEHRegistrationNode@@PAU_CONTEXT@@PBU_s_FuncInfo@@PAXHK@Z 004068bc f   libcmt:frame.obj
 0001:000059d7       ?ExFilterRethrow@@YAHPAU_EXCEPTION_POINTERS@@@Z 004069d7 f   libcmt:frame.obj
 0001:00005a01       ?BuildCatchObject@@YAXPAUEHExceptionRecord@@PAUEHRegistrationNode@@PBU_s_HandlerType@@PBU_s_CatchableType@@@Z 00406a01 f   libcmt:frame.obj
 0001:00005c2c       ?AdjustPointer@@YAPAXPAXABUPMD@@@Z 00406c2c f   libcmt:frame.obj
 0001:0000492d       __expandtime               0040592d f   libcmt:strftime.obj
 0001:00004d1c       __store_str                00405d1c f   libcmt:strftime.obj
 0001:00004d43       __store_num                00405d43 f   libcmt:strftime.obj
 0001:00004db2       __store_number             00405db2 f   libcmt:strftime.obj
 0001:00004dfb       __store_winword            00405dfb f   libcmt:strftime.obj
 0001:00003f98       __make_time_t              00404f98 f   libcmt:mktime.obj
 0001:00003bc0       LeadUp1                    00404bc0 f   libcmt:memmove.obj
 0001:00003bec       LeadUp2                    00404bec f   libcmt:memmove.obj
 0001:00003c10       LeadUp3                    00404c10 f   libcmt:memmove.obj
 0001:00003c8f       UnwindUp0                  00404c8f f   libcmt:memmove.obj
 0001:00003c7c       UnwindUp1                  00404c7c f   libcmt:memmove.obj
 0001:00003c74       UnwindUp2                  00404c74 f   libcmt:memmove.obj
 0001:00003c6c       UnwindUp3                  00404c6c f   libcmt:memmove.obj
 0001:00003c64       UnwindUp4                  00404c64 f   libcmt:memmove.obj
 0001:00003c5c       UnwindUp5                  00404c5c f   libcmt:memmove.obj
 0001:00003c54       UnwindUp6                  00404c54 f   libcmt:memmove.obj
 0001:00003c4c       UnwindUp7                  00404c4c f   libcmt:memmove.obj
 0001:00003ca8       TrailUp0                   00404ca8 f   libcmt:memmove.obj
 0001:00003cb0       TrailUp1                   00404cb0 f   libcmt:memmove.obj
 0001:00003cbc       TrailUp2                   00404cbc f   libcmt:memmove.obj
 0001:00003cd0       TrailUp3                   00404cd0 f   libcmt:memmove.obj
 0001:00003d48       LeadDown1                  00404d48 f   libcmt:memmove.obj
 0001:00003d68       LeadDown2                  00404d68 f   libcmt:memmove.obj
 0001:00003d90       LeadDown3                  00404d90 f   libcmt:memmove.obj
 0001:00003de4       UnwindDown7                00404de4 f   libcmt:memmove.obj
 0001:00003dec       UnwindDown6                00404dec f   libcmt:memmove.obj
 0001:00003df4       UnwindDown5                00404df4 f   libcmt:memmove.obj
 0001:00003dfc       UnwindDown4                00404dfc f   libcmt:memmove.obj
 0001:00003e04       UnwindDown3                00404e04 f   libcmt:memmove.obj
 0001:00003e0c       UnwindDown2                00404e0c f   libcmt:memmove.obj
 0001:00003e14       UnwindDown1                00404e14 f   libcmt:memmove.obj
 0001:00003e27       UnwindDown0                00404e27 f   libcmt:memmove.obj
 0001:00003e40       TrailDown0                 00404e40 f   libcmt:memmove.obj
 0001:00003e48       TrailDown1                 00404e48 f   libcmt:memmove.obj
 0001:00003e58       TrailDown2                 00404e58 f   libcmt:memmove.obj
 0001:00003e6c       TrailDown3                 00404e6c f   libcmt:memmove.obj
 0001:000038f9       _getSystemCP               004048f9 f   libcmt:mbctype.obj
 0001:00003943       _CPtoLCID                  00404943 f   libcmt:mbctype.obj
 0001:00003976       _setSBCS                   00404976 f   libcmt:mbctype.obj
 0001:0000399f       _setSBUpLow                0040499f f   libcmt:mbctype.obj
 0001:00003736       ?ArrayUnwindFilter@@YAHPAU_EXCEPTION_POINTERS@@@Z 00404736 f   libcmt:ehvecdtr.obj
 0001:00002c50       LeadUp1                    00403c50 f   libcmt:memcpy.obj
 0001:00002c7c       LeadUp2                    00403c7c f   libcmt:memcpy.obj
 0001:00002ca0       LeadUp3                    00403ca0 f   libcmt:memcpy.obj
 0001:00002d1f       UnwindUp0                  00403d1f f   libcmt:memcpy.obj
 0001:00002d0c       UnwindUp1                  00403d0c f   libcmt:memcpy.obj
 0001:00002d04       UnwindUp2                  00403d04 f   libcmt:memcpy.obj
 0001:00002cfc       UnwindUp3                  00403cfc f   libcmt:memcpy.obj
 0001:00002cf4       UnwindUp4                  00403cf4 f   libcmt:memcpy.obj
 0001:00002cec       UnwindUp5                  00403cec f   libcmt:memcpy.obj
 0001:00002ce4       UnwindUp6                  00403ce4 f   libcmt:memcpy.obj
 0001:00002cdc       UnwindUp7                  00403cdc f   libcmt:memcpy.obj
 0001:00002d38       TrailUp0                   00403d38 f   libcmt:memcpy.obj
 0001:00002d40       TrailUp1                   00403d40 f   libcmt:memcpy.obj
 0001:00002d4c       TrailUp2                   00403d4c f   libcmt:memcpy.obj
 0001:00002d60       TrailUp3                   00403d60 f   libcmt:memcpy.obj
 0001:00002dd8       LeadDown1                  00403dd8 f   libcmt:memcpy.obj
 0001:00002df8       LeadDown2                  00403df8 f   libcmt:memcpy.obj
 0001:00002e20       LeadDown3                  00403e20 f   libcmt:memcpy.obj
 0001:00002e74       UnwindDown7                00403e74 f   libcmt:memcpy.obj
 0001:00002e7c       UnwindDown6                00403e7c f   libcmt:memcpy.obj
 0001:00002e84       UnwindDown5                00403e84 f   libcmt:memcpy.obj
 0001:00002e8c       UnwindDown4                00403e8c f   libcmt:memcpy.obj
 0001:00002e94       UnwindDown3                00403e94 f   libcmt:memcpy.obj
 0001:00002e9c       UnwindDown2                00403e9c f   libcmt:memcpy.obj
 0001:00002ea4       UnwindDown1                00403ea4 f   libcmt:memcpy.obj
 0001:00002eb7       UnwindDown0                00403eb7 f   libcmt:memcpy.obj
 0001:00002ed0       TrailDown0                 00403ed0 f   libcmt:memcpy.obj
 0001:00002ed8       TrailDown1                 00403ed8 f   libcmt:memcpy.obj
 0001:00002ee8       TrailDown2                 00403ee8 f   libcmt:memcpy.obj
 0001:00002efc       TrailDown3                 00403efc f   libcmt:memcpy.obj
 0001:000027b8       __threadstartex@4          004037b8 f   libcmt:threadex.obj
 0001:00002593       _doexit                    00403593 f   libcmt:crt0dat.obj
 0001:0000264a       __initterm                 0040364a f   libcmt:crt0dat.obj
 0001:00002408       _fast_error_exit           00403408 f   libcmt:wincrt0.obj
 0001:0000214c       _gu_return                 0040314c f   libcmt:exsup.obj
 0001:00002154       __unwind_handler           00403154 f   libcmt:exsup.obj
 0001:00001f68       ?CatchGuardHandler@@YA?AW4_EXCEPTION_DISPOSITION@@PAUEHExceptionRecord@@PAUCatchGuardRN@@PAX2@Z 00402f68 f   libcmt:trnsctrl.obj
 0001:00002043       ?TranslatorGuardHandler@@YA?AW4_EXCEPTION_DISPOSITION@@PAUEHExceptionRecord@@PAUTranslatorGuardRN@@PAX2@Z 00403043 f   libcmt:trnsctrl.obj
 0001:0000d600       _LpfnGetDefWndProcNull     0040e600 f   ctl3d32s:CTL3D.OBJ
 0001:0000d620       _LpfnGetDefWndProc         0040e620 f   ctl3d32s:CTL3D.OBJ
 0001:0000d670       _SubclassWindow            0040e670 f   ctl3d32s:CTL3D.OBJ
 0001:0000d810       _HookSubclassWindow        0040e810 f   ctl3d32s:CTL3D.OBJ
 0001:0000d850       _CleanupSubclass           0040e850 f   ctl3d32s:CTL3D.OBJ
 0001:0000d8b0       _DeleteObjectNull          0040e8b0 f   ctl3d32s:CTL3D.OBJ
 0001:0000d8d0       _DeleteObjects             0040e8d0 f   ctl3d32s:CTL3D.OBJ
 0001:0000d900       _PatFill                   0040e900 f   ctl3d32s:CTL3D.OBJ
 0001:0000d930       _DrawRec3d                 0040e930 f   ctl3d32s:CTL3D.OBJ
 0001:0000da70       _DrawInsetRect3d           0040ea70 f   ctl3d32s:CTL3D.OBJ
 0001:0000dae0       _ClipCtlDc                 0040eae0 f   ctl3d32s:CTL3D.OBJ
 0001:0000db20       _MyGetTextExtent           0040eb20 f   ctl3d32s:CTL3D.OBJ
 0001:0000e180       _CheckChildSubclass        0040f180 f   ctl3d32s:CTL3D.OBJ
 0001:0000e410       _Ctl3dDlgFramePaintI@20    0040f410 f   ctl3d32s:CTL3D.OBJ
 0001:0000e760       _FInit3dDialogs            0040f760 f   ctl3d32s:CTL3D.OBJ
 0001:0000e950       _End3dDialogs              0040f950 f   ctl3d32s:CTL3D.OBJ
 0001:0000ea30       _InternalCtl3dColorChange  0040fa30 f   ctl3d32s:CTL3D.OBJ
 0001:0000eef0       _DoesChildNeedSubclass     0040fef0 f   ctl3d32s:CTL3D.OBJ
 0001:0000f0e0       _FBtn                      004100e0 f   ctl3d32s:CTL3D.OBJ
 0001:0000f110       _FEdit                     00410110 f   ctl3d32s:CTL3D.OBJ
 0001:0000f160       _FList                     00410160 f   ctl3d32s:CTL3D.OBJ
 0001:0000f1b0       _FComboList                004101b0 f   ctl3d32s:CTL3D.OBJ
 0001:0000f1f0       _FCombo                    004101f0 f   ctl3d32s:CTL3D.OBJ
 0001:0000f2c0       _FStatic                   004102c0 f   ctl3d32s:CTL3D.OBJ
 0001:0000f310       _DoSubclassCtl             00410310 f   ctl3d32s:CTL3D.OBJ
 0001:0000f400       _Inval3dCtl                00410400 f   ctl3d32s:CTL3D.OBJ
 0001:0000f4c0       _Val3dCtl                  004104c0 f   ctl3d32s:CTL3D.OBJ
 0001:0000f530       _DrawPushButton            00410530 f   ctl3d32s:CTL3D.OBJ
 0001:0000f870       _BtnPaint                  00410870 f   ctl3d32s:CTL3D.OBJ
