 MyDrv

 Timestamp is 4a253936 (Tue Jun 02 23:37:42 2009)

 Preferred load address is 00010000

 Start         Length     Name                   Class
 0001:00000000 0000038eH .text                   CODE
 0001:00000390 00000072H .text$s                 CODE
 0002:00000000 0000007cH .idata$5                DATA
 0002:00000080 0000001cH .rdata                  DATA
 0002:0000009c 00000050H .rdata$debug            DATA
 0003:00000000 0000000cH .data                   DATA
 0003:00000020 00000130H .bss                    DATA
 0004:00000000 00000575H PAGE                    CODE
 0004:00000580 00000024H PAGE$s                  CODE
 0005:00000000 00000158H INIT                    CODE
 0005:00000160 0000006cH INIT$s                  CODE
 0005:000001cc 00000014H .idata$2                CODE
 0005:000001e0 00000014H .idata$3                CODE
 0005:000001f4 0000007cH .idata$4                CODE
 0005:00000270 0000026cH .idata$6                CODE
 0006:00000000 00000058H .rsrc$01                DATA
 0006:00000060 000003a8H .rsrc$02                DATA

  Address         Publics by Value              Rva+Base       Lib:Object

 0000:00000000       ___safe_se_handler_count   00000000     <absolute>
 0000:00000000       ___safe_se_handler_table   00000000     <absolute>
 0001:00000010       _OpenClose@4               00010490 f   mydrv.obj
 0001:000000e0       _BugCheckA@0               00010560 f   mydrv.obj
 0001:00000100       _BugCheck50@0              00010580 f   mydrv.obj
 0001:00000120       _UseStack2@0               000105a0 f   mydrv.obj
 0001:00000140       _UseStack1@0               000105c0 f   mydrv.obj
 0001:00000160       _BugCheck7F@0              000105e0 f   mydrv.obj
 0001:00000180       _MyStrCpy@8                00010600 f   mydrv.obj
 0001:000001e0       _BugCheck8E@0              00010660 f   mydrv.obj
 0001:00000230       _BugCheckBE@0              000106b0 f   mydrv.obj
 0001:00000240       _BugCheckC4@0              000106c0 f   mydrv.obj
 0001:00000270       _BugCheckD6@0              000106f0 f   mydrv.obj
 0001:000002a0       _PrintBreakPoint@4         00010720 f   mydrv.obj
 0001:000002d0       _OnBreakPoint@0            00010750 f   mydrv.obj
 0001:000002f0       _HangDpcRoutine@16         00010770 f   mydrv.obj
 0001:00000310       _Hang@0                    00010790 f   mydrv.obj
 0001:00000370       _DbgPrint                  000107f0 f   ntoskrnl:ntoskrnl.exe
 0001:0000037c       _strlen                    000107fc f   ntoskrnl:ntoskrnl.exe
 0001:00000388       _strcpy                    00010808 f   ntoskrnl:ntoskrnl.exe
 0001:00000390       ??_C@_1CA@LJKEIIIB@?$AA?2?$AA?$DP?$AA?$DP?$AA?2?$AAC?$AA?3?$AA?2?$AAb?$AAo?$AAo?$AAt?$AA?4?$AAi?$AAn?$AAi?$AA?$AA@FNODOBFM@ 00010810     mydrv.obj
 0001:000003b0       ??_C@_0O@JGEJIFBJ@BugCheck?50x8E?$AA@FNODOBFM@ 00010830     mydrv.obj
 0001:000003c0       ??_C@_07PFLHHDCC@Find?5Me?$AA@FNODOBFM@ 00010840     mydrv.obj
 0001:000003d0       ??_C@_0BK@IFLFIICP@PrintBreakPoint?5Function?6?$AA@FNODOBFM@ 00010850     mydrv.obj
 0001:000003f0       ??_C@_0BC@MHHLDEIM@Hello?5Debugging?$CB?6?$AA@FNODOBFM@ 00010870     mydrv.obj
 0002:00000000       __imp__ExInitializeResourceLite@4 00010900     ntoskrnl:ntoskrnl.exe
 0002:00000004       __imp__KeInitializeMutex@8 00010904     ntoskrnl:ntoskrnl.exe
 0002:00000008       __imp__KeInitializeEvent@12 00010908     ntoskrnl:ntoskrnl.exe
 0002:0000000c       __imp__IoDeleteDevice@4    0001090c     ntoskrnl:ntoskrnl.exe
 0002:00000010       __imp__IoCreateSymbolicLink@8 00010910     ntoskrnl:ntoskrnl.exe
 0002:00000014       __imp__DbgPrint            00010914     ntoskrnl:ntoskrnl.exe
 0002:00000018       __imp__IoCreateDevice@28   00010918     ntoskrnl:ntoskrnl.exe
 0002:0000001c       __imp__RtlInitUnicodeString@8 0001091c     ntoskrnl:ntoskrnl.exe
 0002:00000020       __imp_@IofCompleteRequest@8 00010920     ntoskrnl:ntoskrnl.exe
 0002:00000024       __imp__IoDeleteSymbolicLink@4 00010924     ntoskrnl:ntoskrnl.exe
 0002:00000028       __imp__ExDeleteResourceLite@4 00010928     ntoskrnl:ntoskrnl.exe
 0002:0000002c       __imp__ZwClose@4           0001092c     ntoskrnl:ntoskrnl.exe
 0002:00000030       __imp__ZwCreateFile@44     00010930     ntoskrnl:ntoskrnl.exe
 0002:00000034       __imp__KeSetEvent@12       00010934     ntoskrnl:ntoskrnl.exe
 0002:00000038       __imp__strlen              00010938     ntoskrnl:ntoskrnl.exe
 0002:0000003c       __imp__strcpy              0001093c     ntoskrnl:ntoskrnl.exe
 0002:00000040       __imp__ExAllocatePool@8    00010940     ntoskrnl:ntoskrnl.exe
 0002:00000044       __imp__ExFreePoolWithTag@8 00010944     ntoskrnl:ntoskrnl.exe
 0002:00000048       __imp__KeInsertQueueDpc@12 00010948     ntoskrnl:ntoskrnl.exe
 0002:0000004c       __imp__KeSetTargetProcessorDpc@8 0001094c     ntoskrnl:ntoskrnl.exe
 0002:00000050       __imp__KeInitializeDpc@12  00010950     ntoskrnl:ntoskrnl.exe
 0002:00000054       __imp__KeNumberProcessors  00010954     ntoskrnl:ntoskrnl.exe
 0002:00000058       __imp__KeLeaveCriticalRegion@0 00010958     ntoskrnl:ntoskrnl.exe
 0002:0000005c       __imp_@ExReleaseResourceLite@4 0001095c     ntoskrnl:ntoskrnl.exe
 0002:00000060       __imp__ExAcquireResourceExclusiveLite@8 00010960     ntoskrnl:ntoskrnl.exe
 0002:00000064       __imp__KeEnterCriticalRegion@0 00010964     ntoskrnl:ntoskrnl.exe
 0002:00000068       __imp__KeReleaseMutex@8    00010968     ntoskrnl:ntoskrnl.exe
 0002:0000006c       __imp__KeDelayExecutionThread@12 0001096c     ntoskrnl:ntoskrnl.exe
 0002:00000070       __imp__KeWaitForSingleObject@20 00010970     ntoskrnl:ntoskrnl.exe
 0002:00000074       __imp__KeTickCount         00010974     ntoskrnl:ntoskrnl.exe
 0002:00000074       _KeTickCount               00010974     ntoskrnl:ntoskrnl.exe
 0002:00000078       \177ntoskrnl_NULL_THUNK_DATA 00010978     ntoskrnl:ntoskrnl.exe
 0003:00000000       _g_ulGlobal                00010a00     mydrv.obj
 0003:00000004       ___security_cookie         00010a04     BufferOverflowK:gs_support.obj
 0003:00000008       ___security_cookie_complement 00010a08     BufferOverflowK:gs_support.obj
 0003:00000020       _g_szBuffer                00010a20     <common>
 0003:00000040       _MutexB                    00010a40     <common>
 0003:00000060       _event                     00010a60     <common>
 0003:00000080       _EresourceB                00010a80     <common>
 0003:000000c0       _MutexA                    00010ac0     <common>
 0003:000000e0       _EresourceA                00010ae0     <common>
 0003:00000120       _HangDpc                   00010b20     <common>
 0003:00000140       _Event                     00010b40     <common>
 0004:00000010       _MyDrvCreateClose@8        00010b90 f   mydrv.obj
 0004:00000080       _MyDrvUnload@4             00010c00 f   mydrv.obj
 0004:000000e0       _MyDrvDeviceControl@8      00010c60 f   mydrv.obj
 0004:00000580       ??_C@_1CE@LNDBPGOK@?$AA?2?$AAD?$AAo?$AAs?$AAD?$AAe?$AAv?$AAi?$AAc?$AAe?$AAs?$AA?2?$AAM?$AAy?$AAD?$AAr?$AAv?$AA?$AA@NNGAKEGL@ 00011100     mydrv.obj
 0005:00000010       _DriverEntry@8             00011190 f   mydrv.obj
 0005:00000116       _GsDriverEntry@8           00011296 f   BufferOverflowK:gs_support.obj
 0005:00000160       ??_C@_1CE@LNDBPGOK@?$AA?2?$AAD?$AAo?$AAs?$AAD?$AAe?$AAv?$AAi?$AAc?$AAe?$AAs?$AA?2?$AAM?$AAy?$AAD?$AAr?$AAv?$AA?$AA@PBOPGDP@ 000112e0     mydrv.obj
 0005:00000190       ??_C@_0BB@ENJJLKKL@DeviceObject?5?$CFp?6?$AA@PBOPGDP@ 00011310     mydrv.obj
 0005:000001b0       ??_C@_1BM@NAINCILO@?$AA?2?$AAD?$AAe?$AAv?$AAi?$AAc?$AAe?$AA?2?$AAM?$AAy?$AAD?$AAr?$AAv?$AA?$AA@PBOPGDP@ 00011330     mydrv.obj
 0005:000001cc       __IMPORT_DESCRIPTOR_ntoskrnl 0001134c     ntoskrnl:ntoskrnl.exe
 0005:000001e0       __NULL_IMPORT_DESCRIPTOR   00011360     ntoskrnl:ntoskrnl.exe

 entry point at        0005:00000116

 Static symbols

